<!doctype html public "-//w3c//dtd html 4.0 transitional//en">
<html><head>
<title>Static Call Graph - [.\Objects\son.axf]</title></head>
<body><HR>
<H1>Static Call Graph for image .\Objects\son.axf</H1><HR>
<BR><P>#&#060CALLGRAPH&#062# ARM Linker, 6160001: Last Updated: Thu Jun  2 19:20:08 2022
<BR><P>
<H3>Maximum Stack Usage =          0 bytes + Unknown(Cycles, Untraceable Function Pointers)</H3><H3>
Call chain for Maximum Stack Depth:</H3>

<P>
<H3>
Mutually Recursive functions
</H3> <LI><a href="#[2]">__main</a>&nbsp;&nbsp;&nbsp;&rArr;&nbsp;&nbsp;&nbsp;<a href="#[2]">__main</a><BR>
</UL>
<P>
<H3>
Function Pointers
</H3><UL>
 <LI><a href="#[1]">Button_Handler</a> from main.o(button) referenced from main.o(RESET)
 <LI><a href="#[0]">Reset_Handler</a> from main.o(.text) referenced from main.o(RESET)
 <LI><a href="#[2]">__main</a> from main.o(demo) referenced from main.o(.text)
</UL>
<P>
<H3>
Global Symbols
</H3>
<P><STRONG><a name="[0]"></a>Reset_Handler</STRONG> (Thumb, 12 bytes, Stack size 0 bytes, main.o(.text))
<BR><BR>[Called By]<UL><LI><a href="#[2]">&gt;&gt;</a>&nbsp;&nbsp;&nbsp;__main
</UL>
<BR>[Address Reference Count : 1]<UL><LI> main.o(RESET)
</UL>
<P><STRONG><a name="[1]"></a>Button_Handler</STRONG> (Thumb, 48 bytes, Stack size 0 bytes, main.o(button))
<BR>[Address Reference Count : 1]<UL><LI> main.o(RESET)
</UL>
<P><STRONG><a name="[2]"></a>__main</STRONG> (Thumb, 380 bytes, Stack size 0 bytes, main.o(demo))
<BR><BR>[Calls]<UL><LI><a href="#[2]">&gt;&gt;</a>&nbsp;&nbsp;&nbsp;__main
<LI><a href="#[0]">&gt;&gt;</a>&nbsp;&nbsp;&nbsp;Reset_Handler
</UL>
<BR>[Called By]<UL><LI><a href="#[2]">&gt;&gt;</a>&nbsp;&nbsp;&nbsp;__main
</UL>
<BR>[Address Reference Count : 1]<UL><LI> main.o(.text)
</UL><P>
<H3>
Local Symbols
</H3><P>
<H3>
Undefined Global Symbols
</H3><HR></body></html>
