Component: ARM Compiler 6.16 Tool: armlink [5dfeaa00]

==============================================================================

Section Cross References

    main.o(RESET) refers to main.o(STACK) for __initial_sp
    main.o(RESET) refers to main.o(.text) for Reset_Handler
    main.o(RESET) refers to main.o(button) for Button_Handler
    main.o(.text) refers to main.o(demo) for __main
    main.o(demo) refers to main.o(.text) for Reset_Handler
    main.o(demo) refers to dino_1.o(.rodata.dino_1) for dino_1
    main.o(demo) refers to cactus_3.o(.rodata.cactus_3) for cactus_3
    main.o(demo) refers to gameover.o(.rodata.gameover) for gameover
    basicmathfunctions.o(.ARM.exidx.text.arm_abs_f32) refers to basicmathfunctions.o(.text.arm_abs_f32) for [Anonymous Symbol]
    basicmathfunctions.o(.ARM.exidx.text.arm_abs_q15) refers to basicmathfunctions.o(.text.arm_abs_q15) for [Anonymous Symbol]
    basicmathfunctions.o(.ARM.exidx.text.arm_abs_q31) refers to basicmathfunctions.o(.text.arm_abs_q31) for [Anonymous Symbol]
    basicmathfunctions.o(.ARM.exidx.text.arm_abs_q7) refers to basicmathfunctions.o(.text.arm_abs_q7) for [Anonymous Symbol]
    basicmathfunctions.o(.text.arm_add_f32) refers to faddsub.o(x$fpl$fadd) for __aeabi_fadd
    basicmathfunctions.o(.ARM.exidx.text.arm_add_f32) refers to basicmathfunctions.o(.text.arm_add_f32) for [Anonymous Symbol]
    basicmathfunctions.o(.ARM.exidx.text.arm_add_q15) refers to basicmathfunctions.o(.text.arm_add_q15) for [Anonymous Symbol]
    basicmathfunctions.o(.ARM.exidx.text.arm_add_q31) refers to basicmathfunctions.o(.text.arm_add_q31) for [Anonymous Symbol]
    basicmathfunctions.o(.ARM.exidx.text.arm_add_q7) refers to basicmathfunctions.o(.text.arm_add_q7) for [Anonymous Symbol]
    basicmathfunctions.o(.ARM.exidx.text.arm_and_u16) refers to basicmathfunctions.o(.text.arm_and_u16) for [Anonymous Symbol]
    basicmathfunctions.o(.ARM.exidx.text.arm_and_u32) refers to basicmathfunctions.o(.text.arm_and_u32) for [Anonymous Symbol]
    basicmathfunctions.o(.ARM.exidx.text.arm_and_u8) refers to basicmathfunctions.o(.text.arm_and_u8) for [Anonymous Symbol]
    basicmathfunctions.o(.text.arm_dot_prod_f32) refers to fmul.o(x$fpl$fmul) for __aeabi_fmul
    basicmathfunctions.o(.text.arm_dot_prod_f32) refers to faddsub.o(x$fpl$fadd) for __aeabi_fadd
    basicmathfunctions.o(.ARM.exidx.text.arm_dot_prod_f32) refers to basicmathfunctions.o(.text.arm_dot_prod_f32) for [Anonymous Symbol]
    basicmathfunctions.o(.ARM.exidx.text.arm_dot_prod_q15) refers to basicmathfunctions.o(.text.arm_dot_prod_q15) for [Anonymous Symbol]
    basicmathfunctions.o(.text.arm_dot_prod_q31) refers to llmul.o(.text) for __aeabi_lmul
    basicmathfunctions.o(.ARM.exidx.text.arm_dot_prod_q31) refers to basicmathfunctions.o(.text.arm_dot_prod_q31) for [Anonymous Symbol]
    basicmathfunctions.o(.ARM.exidx.text.arm_dot_prod_q7) refers to basicmathfunctions.o(.text.arm_dot_prod_q7) for [Anonymous Symbol]
    basicmathfunctions.o(.text.arm_mult_f32) refers to fmul.o(x$fpl$fmul) for __aeabi_fmul
    basicmathfunctions.o(.ARM.exidx.text.arm_mult_f32) refers to basicmathfunctions.o(.text.arm_mult_f32) for [Anonymous Symbol]
    basicmathfunctions.o(.ARM.exidx.text.arm_mult_q15) refers to basicmathfunctions.o(.text.arm_mult_q15) for [Anonymous Symbol]
    basicmathfunctions.o(.text.arm_mult_q31) refers to llmul.o(.text) for __aeabi_lmul
    basicmathfunctions.o(.ARM.exidx.text.arm_mult_q31) refers to basicmathfunctions.o(.text.arm_mult_q31) for [Anonymous Symbol]
    basicmathfunctions.o(.ARM.exidx.text.arm_mult_q7) refers to basicmathfunctions.o(.text.arm_mult_q7) for [Anonymous Symbol]
    basicmathfunctions.o(.ARM.exidx.text.arm_negate_f32) refers to basicmathfunctions.o(.text.arm_negate_f32) for [Anonymous Symbol]
    basicmathfunctions.o(.ARM.exidx.text.arm_negate_q15) refers to basicmathfunctions.o(.text.arm_negate_q15) for [Anonymous Symbol]
    basicmathfunctions.o(.ARM.exidx.text.arm_negate_q31) refers to basicmathfunctions.o(.text.arm_negate_q31) for [Anonymous Symbol]
    basicmathfunctions.o(.ARM.exidx.text.arm_negate_q7) refers to basicmathfunctions.o(.text.arm_negate_q7) for [Anonymous Symbol]
    basicmathfunctions.o(.ARM.exidx.text.arm_not_u16) refers to basicmathfunctions.o(.text.arm_not_u16) for [Anonymous Symbol]
    basicmathfunctions.o(.ARM.exidx.text.arm_not_u32) refers to basicmathfunctions.o(.text.arm_not_u32) for [Anonymous Symbol]
    basicmathfunctions.o(.ARM.exidx.text.arm_not_u8) refers to basicmathfunctions.o(.text.arm_not_u8) for [Anonymous Symbol]
    basicmathfunctions.o(.text.arm_offset_f32) refers to faddsub.o(x$fpl$fadd) for __aeabi_fadd
    basicmathfunctions.o(.ARM.exidx.text.arm_offset_f32) refers to basicmathfunctions.o(.text.arm_offset_f32) for [Anonymous Symbol]
    basicmathfunctions.o(.ARM.exidx.text.arm_offset_q15) refers to basicmathfunctions.o(.text.arm_offset_q15) for [Anonymous Symbol]
[...]
    Removing distancefunctions.o(.text.arm_boolean_distance_TT_FF_TF_FT), (252 bytes).
    Removing distancefunctions.o(.ARM.exidx.text.arm_boolean_distance_TT_FF_TF_FT), (8 bytes).
    Removing distancefunctions.o(.text.arm_boolean_distance_TT), (106 bytes).
    Removing distancefunctions.o(.ARM.exidx.text.arm_boolean_distance_TT), (8 bytes).
    Removing distancefunctions.o(.text.arm_braycurtis_distance_f32), (96 bytes).
    Removing distancefunctions.o(.ARM.exidx.text.arm_braycurtis_distance_f32), (8 bytes).
    Removing distancefunctions.o(.text.arm_canberra_distance_f32), (132 bytes).
    Removing distancefunctions.o(.ARM.exidx.text.arm_canberra_distance_f32), (8 bytes).
    Removing distancefunctions.o(.text.arm_chebyshev_distance_f32), (88 bytes).
    Removing distancefunctions.o(.ARM.exidx.text.arm_chebyshev_distance_f32), (8 bytes).
    Removing distancefunctions.o(.text.arm_cityblock_distance_f32), (54 bytes).
    Removing distancefunctions.o(.ARM.exidx.text.arm_cityblock_distance_f32), (8 bytes).
    Removing distancefunctions.o(.text.arm_correlation_distance_f32), (184 bytes).
    Removing distancefunctions.o(.ARM.exidx.text.arm_correlation_distance_f32), (8 bytes).
    Removing distancefunctions.o(.text.arm_cosine_distance_f32), (92 bytes).
    Removing distancefunctions.o(.ARM.exidx.text.arm_cosine_distance_f32), (8 bytes).
    Removing distancefunctions.o(.text.arm_dice_distance), (118 bytes).
    Removing distancefunctions.o(.ARM.exidx.text.arm_dice_distance), (8 bytes).
    Removing distancefunctions.o(.text.arm_euclidean_distance_f32), (76 bytes).
    Removing distancefunctions.o(.ARM.exidx.text.arm_euclidean_distance_f32), (8 bytes).
    Removing distancefunctions.o(.text.arm_hamming_distance), (64 bytes).
    Removing distancefunctions.o(.ARM.exidx.text.arm_hamming_distance), (8 bytes).
    Removing distancefunctions.o(.text.arm_jaccard_distance), (70 bytes).
    Removing distancefunctions.o(.ARM.exidx.text.arm_jaccard_distance), (8 bytes).
    Removing distancefunctions.o(.text.arm_jensenshannon_distance_f32), (130 bytes).
    Removing distancefunctions.o(.ARM.exidx.text.arm_jensenshannon_distance_f32), (8 bytes).
    Removing distancefunctions.o(.text.rel_entr), (20 bytes).
    Removing distancefunctions.o(.ARM.exidx.text.rel_entr), (8 bytes).
    Removing distancefunctions.o(.text.arm_kulsinski_distance), (76 bytes).
    Removing distancefunctions.o(.ARM.exidx.text.arm_kulsinski_distance), (8 bytes).
    Removing distancefunctions.o(.text.arm_minkowski_distance_f32), (92 bytes).
    Removing distancefunctions.o(.ARM.exidx.text.arm_minkowski_distance_f32), (8 bytes).
    Removing distancefunctions.o(.text.arm_rogerstanimoto_distance), (82 bytes).
    Removing distancefunctions.o(.ARM.exidx.text.arm_rogerstanimoto_distance), (8 bytes).
    Removing distancefunctions.o(.text.arm_russellrao_distance), (60 bytes).
    Removing distancefunctions.o(.ARM.exidx.text.arm_russellrao_distance), (8 bytes).
    Removing distancefunctions.o(.text.arm_sokalmichener_distance), (84 bytes).
    Removing distancefunctions.o(.ARM.exidx.text.arm_sokalmichener_distance), (8 bytes).
    Removing distancefunctions.o(.text.arm_sokalsneath_distance), (74 bytes).
    Removing distancefunctions.o(.ARM.exidx.text.arm_sokalsneath_distance), (8 bytes).
    Removing distancefunctions.o(.text.arm_yule_distance), (108 bytes).
    Removing distancefunctions.o(.ARM.exidx.text.arm_yule_distance), (8 bytes).
    Removing distancefunctionsf16.o(.text), (0 bytes).
    Removing distancefunctionsf16.o(.text.arm_braycurtis_distance_f16), (156 bytes).
    Removing distancefunctionsf16.o(.ARM.exidx.text.arm_braycurtis_distance_f16), (8 bytes).
    Removing distancefunctionsf16.o(.text.arm_canberra_distance_f16), (184 bytes).
    Removing distancefunctionsf16.o(.ARM.exidx.text.arm_canberra_distance_f16), (8 bytes).
    Removing distancefunctionsf16.o(.text.arm_chebyshev_distance_f16), (136 bytes).
    Removing distancefunctionsf16.o(.ARM.exidx.text.arm_chebyshev_distance_f16), (8 bytes).
    Removing distancefunctionsf16.o(.text.arm_cityblock_distance_f16), (86 bytes).
    Removing distancefunctionsf16.o(.ARM.exidx.text.arm_cityblock_distance_f16), (8 bytes).
    Removing distancefunctionsf16.o(.text.arm_correlation_distance_f16), (300 bytes).
    Removing distancefunctionsf16.o(.ARM.exidx.text.arm_correlation_distance_f16), (8 bytes).
    Removing distancefunctionsf16.o(.text.arm_cosine_distance_f16), (154 bytes).
    Removing distancefunctionsf16.o(.ARM.exidx.text.arm_cosine_distance_f16), (8 bytes).
    Removing distancefunctionsf16.o(.text.arm_euclidean_distance_f16), (132 bytes).
    Removing distancefunctionsf16.o(.ARM.exidx.text.arm_euclidean_distance_f16), (8 bytes).
    Removing distancefunctionsf16.o(.text.arm_jensenshannon_distance_f16), (244 bytes).
    Removing distancefunctionsf16.o(.ARM.exidx.text.arm_jensenshannon_distance_f16), (8 bytes).
    Removing distancefunctionsf16.o(.text.rel_entr), (52 bytes).
    Removing distancefunctionsf16.o(.ARM.exidx.text.rel_entr), (8 bytes).
    Removing distancefunctionsf16.o(.text.arm_minkowski_distance_f16), (156 bytes).
    Removing distancefunctionsf16.o(.ARM.exidx.text.arm_minkowski_distance_f16), (8 bytes).
    Removing fastmathfunctions.o(.text), (0 bytes).
    Removing fastmathfunctions.o(.text.arm_cos_f32), (172 bytes).
    Removing fastmathfunctions.o(.ARM.exidx.text.arm_cos_f32), (8 bytes).
    Removing fastmathfunctions.o(.text.arm_cos_q15), (72 bytes).
    Removing fastmathfunctions.o(.ARM.exidx.text.arm_cos_q15), (8 bytes).
    Removing fastmathfunctions.o(.text.arm_cos_q31), (76 bytes).
    Removing fastmathfunctions.o(.ARM.exidx.text.arm_cos_q31), (8 bytes).
    Removing fastmathfunctions.o(.text.arm_sin_f32), (164 bytes).
    Removing fastmathfunctions.o(.ARM.exidx.text.arm_sin_f32), (8 bytes).
    Removing fastmathfunctions.o(.text.arm_sin_q15), (56 bytes).
    Removing fastmathfunctions.o(.ARM.exidx.text.arm_sin_q15), (8 bytes).
    Removing fastmathfunctions.o(.text.arm_sin_q31), (68 bytes).
    Removing fastmathfunctions.o(.ARM.exidx.text.arm_sin_q31), (8 bytes).
    Removing fastmathfunctions.o(.text.arm_sqrt_q15), (248 bytes).
    Removing fastmathfunctions.o(.ARM.exidx.text.arm_sqrt_q15), (8 bytes).
    Removing fastmathfunctions.o(.text.arm_sqrt_q31), (372 bytes).
    Removing fastmathfunctions.o(.ARM.exidx.text.arm_sqrt_q31), (8 bytes).
    Removing fastmathfunctions.o(.text.arm_vexp_f32), (26 bytes).
    Removing fastmathfunctions.o(.ARM.exidx.text.arm_vexp_f32), (8 bytes).
    Removing fastmathfunctions.o(.text.arm_vlog_f32), (26 bytes).
    Removing fastmathfunctions.o(.ARM.exidx.text.arm_vlog_f32), (8 bytes).
    Removing fastmathfunctions.o(.text.arm_divide_q15), (168 bytes).
    Removing fastmathfunctions.o(.ARM.exidx.text.arm_divide_q15), (8 bytes).
    Removing fastmathfunctionsf16.o(.text), (0 bytes).
    Removing fastmathfunctionsf16.o(.text.arm_vexp_f16), (50 bytes).
    Removing fastmathfunctionsf16.o(.ARM.exidx.text.arm_vexp_f16), (8 bytes).
    Removing fastmathfunctionsf16.o(.text.arm_vlog_f16), (50 bytes).
    Removing fastmathfunctionsf16.o(.ARM.exidx.text.arm_vlog_f16), (8 bytes).
    Removing fastmathfunctionsf16.o(.text.arm_vinverse_f16), (46 bytes).
    Removing fastmathfunctionsf16.o(.ARM.exidx.text.arm_vinverse_f16), (8 bytes).
    Removing filteringfunctions.o(.text), (0 bytes).
    Removing filteringfunctions.o(.text.arm_biquad_cas_df1_32x64_init_q31), (26 bytes).
    Removing filteringfunctions.o(.ARM.exidx.text.arm_biquad_cas_df1_32x64_init_q31), (8 bytes).
    Removing filteringfunctions.o(.text.arm_biquad_cas_df1_32x64_q31), (364 bytes).
    Removing filteringfunctions.o(.ARM.exidx.text.arm_biquad_cas_df1_32x64_q31), (8 bytes).
    Removing filteringfunctions.o(.text.arm_biquad_cascade_df1_f32), (204 bytes).
    Removing filteringfunctions.o(.ARM.exidx.text.arm_biquad_cascade_df1_f32), (8 bytes).
    Removing filteringfunctions.o(.text.arm_biquad_cascade_df1_fast_q15), (244 bytes).
    Removing filteringfunctions.o(.ARM.exidx.text.arm_biquad_cascade_df1_fast_q15), (8 bytes).
    Removing filteringfunctions.o(.text.arm_biquad_cascade_df1_fast_q31), (274 bytes).
    Removing filteringfunctions.o(.ARM.exidx.text.arm_biquad_cascade_df1_fast_q31), (8 bytes).
    Removing filteringfunctions.o(.text.arm_biquad_cascade_df1_init_f32), (22 bytes).
    Removing filteringfunctions.o(.ARM.exidx.text.arm_biquad_cascade_df1_init_f32), (8 bytes).
    Removing filteringfunctions.o(.text.arm_biquad_cascade_df1_init_q15), (26 bytes).
    Removing filteringfunctions.o(.ARM.exidx.text.arm_biquad_cascade_df1_init_q15), (8 bytes).
    Removing filteringfunctions.o(.text.arm_biquad_cascade_df1_init_q31), (26 bytes).
    Removing filteringfunctions.o(.ARM.exidx.text.arm_biquad_cascade_df1_init_q31), (8 bytes).
    Removing filteringfunctions.o(.text.arm_biquad_cascade_df1_q15), (256 bytes).
    Removing filteringfunctions.o(.ARM.exidx.text.arm_biquad_cascade_df1_q15), (8 bytes).
    Removing filteringfunctions.o(.text.arm_biquad_cascade_df1_q31), (240 bytes).
    Removing filteringfunctions.o(.ARM.exidx.text.arm_biquad_cascade_df1_q31), (8 bytes).
    Removing filteringfunctions.o(.text.arm_biquad_cascade_df2T_f32), (184 bytes).
    Removing filteringfunctions.o(.ARM.exidx.text.arm_biquad_cascade_df2T_f32), (8 bytes).
    Removing filteringfunctions.o(.text.arm_biquad_cascade_df2T_f64), (288 bytes).
    Removing filteringfunctions.o(.ARM.exidx.text.arm_biquad_cascade_df2T_f64), (8 bytes).
    Removing filteringfunctions.o(.text.arm_biquad_cascade_df2T_init_f32), (22 bytes).
    Removing filteringfunctions.o(.ARM.exidx.text.arm_biquad_cascade_df2T_init_f32), (8 bytes).
    Removing filteringfunctions.o(.text.arm_biquad_cascade_df2T_init_f64), (22 bytes).
    Removing filteringfunctions.o(.ARM.exidx.text.arm_biquad_cascade_df2T_init_f64), (8 bytes).
    Removing filteringfunctions.o(.text.arm_biquad_cascade_stereo_df2T_f32), (306 bytes).
    Removing filteringfunctions.o(.ARM.exidx.text.arm_biquad_cascade_stereo_df2T_f32), (8 bytes).
    Removing filteringfunctions.o(.text.arm_biquad_cascade_stereo_df2T_init_f32), (22 bytes).
    Removing filteringfunctions.o(.ARM.exidx.text.arm_biquad_cascade_stereo_df2T_init_f32), (8 bytes).
    Removing filteringfunctions.o(.text.arm_conv_f32), (122 bytes).
    Removing filteringfunctions.o(.ARM.exidx.text.arm_conv_f32), (8 bytes).
    Removing filteringfunctions.o(.text.arm_conv_fast_opt_q15), (260 bytes).
    Removing filteringfunctions.o(.ARM.exidx.text.arm_conv_fast_opt_q15), (8 bytes).
    Removing filteringfunctions.o(.text.arm_conv_fast_q15), (1674 bytes).
    Removing filteringfunctions.o(.ARM.exidx.text.arm_conv_fast_q15), (8 bytes).
    Removing filteringfunctions.o(.text.arm_conv_fast_q31), (1490 bytes).
    Removing filteringfunctions.o(.ARM.exidx.text.arm_conv_fast_q31), (8 bytes).
    Removing filteringfunctions.o(.text.arm_conv_opt_q15), (296 bytes).
    Removing filteringfunctions.o(.ARM.exidx.text.arm_conv_opt_q15), (8 bytes).
    Removing filteringfunctions.o(.text.arm_conv_opt_q7), (916 bytes).
    Removing filteringfunctions.o(.ARM.exidx.text.arm_conv_opt_q7), (8 bytes).
    Removing filteringfunctions.o(.text.arm_conv_partial_f32), (142 bytes).
    Removing filteringfunctions.o(.ARM.exidx.text.arm_conv_partial_f32), (8 bytes).
    Removing filteringfunctions.o(.text.arm_conv_partial_fast_opt_q15), (300 bytes).
    Removing filteringfunctions.o(.ARM.exidx.text.arm_conv_partial_fast_opt_q15), (8 bytes).
    Removing filteringfunctions.o(.text.arm_conv_partial_fast_q15), (1812 bytes).
    Removing filteringfunctions.o(.ARM.exidx.text.arm_conv_partial_fast_q15), (8 bytes).
    Removing filteringfunctions.o(.text.arm_conv_partial_fast_q31), (540 bytes).
    Removing filteringfunctions.o(.ARM.exidx.text.arm_conv_partial_fast_q31), (8 bytes).
    Removing filteringfunctions.o(.text.arm_conv_partial_opt_q15), (320 bytes).
    Removing filteringfunctions.o(.ARM.exidx.text.arm_conv_partial_opt_q15), (8 bytes).
    Removing filteringfunctions.o(.text.arm_conv_partial_opt_q7), (944 bytes).
    Removing filteringfunctions.o(.ARM.exidx.text.arm_conv_partial_opt_q7), (8 bytes).
    Removing filteringfunctions.o(.text.arm_conv_partial_q15), (180 bytes).
    Removing filteringfunctions.o(.ARM.exidx.text.arm_conv_partial_q15), (8 bytes).
    Removing filteringfunctions.o(.text.arm_conv_partial_q31), (160 bytes).
    Removing filteringfunctions.o(.ARM.exidx.text.arm_conv_partial_q31), (8 bytes).
    Removing filteringfunctions.o(.text.arm_conv_partial_q7), (132 bytes).
    Removing filteringfunctions.o(.ARM.exidx.text.arm_conv_partial_q7), (8 bytes).
    Removing filteringfunctions.o(.text.arm_conv_q15), (160 bytes).
    Removing filteringfunctions.o(.ARM.exidx.text.arm_conv_q15), (8 bytes).
    Removing filteringfunctions.o(.text.arm_conv_q31), (428 bytes).
    Removing filteringfunctions.o(.ARM.exidx.text.arm_conv_q31), (8 bytes).
    Removing filteringfunctions.o(.text.arm_conv_q7), (432 bytes).
    Removing filteringfunctions.o(.ARM.exidx.text.arm_conv_q7), (8 bytes).
    Removing filteringfunctions.o(.text.arm_correlate_f32), (174 bytes).
    Removing filteringfunctions.o(.ARM.exidx.text.arm_correlate_f32), (8 bytes).
    Removing filteringfunctions.o(.text.arm_correlate_fast_opt_q15), (268 bytes).
    Removing filteringfunctions.o(.ARM.exidx.text.arm_correlate_fast_opt_q15), (8 bytes).
    Removing filteringfunctions.o(.text.arm_correlate_fast_q15), (1426 bytes).
    Removing filteringfunctions.o(.ARM.exidx.text.arm_correlate_fast_q15), (8 bytes).
    Removing filteringfunctions.o(.text.arm_correlate_fast_q31), (1512 bytes).
    Removing filteringfunctions.o(.ARM.exidx.text.arm_correlate_fast_q31), (8 bytes).
    Removing filteringfunctions.o(.text.arm_correlate_opt_q15), (312 bytes).
    Removing filteringfunctions.o(.ARM.exidx.text.arm_correlate_opt_q15), (8 bytes).
    Removing filteringfunctions.o(.text.arm_correlate_opt_q7), (952 bytes).
    Removing filteringfunctions.o(.ARM.exidx.text.arm_correlate_opt_q7), (8 bytes).
    Removing filteringfunctions.o(.text.arm_correlate_q15), (224 bytes).
    Removing filteringfunctions.o(.ARM.exidx.text.arm_correlate_q15), (8 bytes).
    Removing filteringfunctions.o(.text.arm_correlate_q31), (410 bytes).
    Removing filteringfunctions.o(.ARM.exidx.text.arm_correlate_q31), (8 bytes).
    Removing filteringfunctions.o(.text.arm_correlate_q7), (408 bytes).
    Removing filteringfunctions.o(.ARM.exidx.text.arm_correlate_q7), (8 bytes).
    Removing filteringfunctions.o(.text.arm_fir_decimate_f32), (164 bytes).
    Removing filteringfunctions.o(.ARM.exidx.text.arm_fir_decimate_f32), (8 bytes).
    Removing filteringfunctions.o(.text.arm_fir_decimate_fast_q15), (404 bytes).
    Removing filteringfunctions.o(.ARM.exidx.text.arm_fir_decimate_fast_q15), (8 bytes).
    Removing filteringfunctions.o(.text.arm_fir_decimate_fast_q31), (168 bytes).
    Removing filteringfunctions.o(.ARM.exidx.text.arm_fir_decimate_fast_q31), (8 bytes).
    Removing filteringfunctions.o(.text.arm_fir_decimate_init_f32), (64 bytes).
    Removing filteringfunctions.o(.ARM.exidx.text.arm_fir_decimate_init_f32), (8 bytes).
    Removing filteringfunctions.o(.text.arm_fir_decimate_init_q15), (64 bytes).
    Removing filteringfunctions.o(.ARM.exidx.text.arm_fir_decimate_init_q15), (8 bytes).
    Removing filteringfunctions.o(.text.arm_fir_decimate_init_q31), (64 bytes).
    Removing filteringfunctions.o(.ARM.exidx.text.arm_fir_decimate_init_q31), (8 bytes).
    Removing filteringfunctions.o(.text.arm_fir_decimate_q15), (436 bytes).
    Removing filteringfunctions.o(.ARM.exidx.text.arm_fir_decimate_q15), (8 bytes).
    Removing filteringfunctions.o(.text.arm_fir_decimate_q31), (174 bytes).
    Removing filteringfunctions.o(.ARM.exidx.text.arm_fir_decimate_q31), (8 bytes).
    Removing filteringfunctions.o(.text.arm_fir_f32), (134 bytes).
    Removing filteringfunctions.o(.ARM.exidx.text.arm_fir_f32), (8 bytes).
    Removing filteringfunctions.o(.text.arm_fir_fast_q15), (164 bytes).
    Removing filteringfunctions.o(.ARM.exidx.text.arm_fir_fast_q15), (8 bytes).
    Removing filteringfunctions.o(.text.arm_fir_fast_q31), (130 bytes).
    Removing filteringfunctions.o(.ARM.exidx.text.arm_fir_fast_q31), (8 bytes).
    Removing filteringfunctions.o(.text.arm_fir_init_f32), (28 bytes).
    Removing filteringfunctions.o(.ARM.exidx.text.arm_fir_init_f32), (8 bytes).
    Removing filteringfunctions.o(.text.arm_fir_init_q15), (30 bytes).
    Removing filteringfunctions.o(.ARM.exidx.text.arm_fir_init_q15), (8 bytes).
    Removing filteringfunctions.o(.text.arm_fir_init_q31), (28 bytes).
    Removing filteringfunctions.o(.ARM.exidx.text.arm_fir_init_q31), (8 bytes).
    Removing filteringfunctions.o(.text.arm_fir_init_q7), (26 bytes).
    Removing filteringfunctions.o(.ARM.exidx.text.arm_fir_init_q7), (8 bytes).
    Removing filteringfunctions.o(.text.arm_fir_interpolate_f32), (188 bytes).
    Removing filteringfunctions.o(.ARM.exidx.text.arm_fir_interpolate_f32), (8 bytes).
    Removing filteringfunctions.o(.text.arm_fir_interpolate_init_f32), (62 bytes).
    Removing filteringfunctions.o(.ARM.exidx.text.arm_fir_interpolate_init_f32), (8 bytes).
    Removing filteringfunctions.o(.text.arm_fir_interpolate_init_q15), (62 bytes).
    Removing filteringfunctions.o(.ARM.exidx.text.arm_fir_interpolate_init_q15), (8 bytes).
    Removing filteringfunctions.o(.text.arm_fir_interpolate_init_q31), (62 bytes).
    Removing filteringfunctions.o(.ARM.exidx.text.arm_fir_interpolate_init_q31), (8 bytes).
    Removing filteringfunctions.o(.text.arm_fir_interpolate_q15), (240 bytes).
    Removing filteringfunctions.o(.ARM.exidx.text.arm_fir_interpolate_q15), (8 bytes).
    Removing filteringfunctions.o(.text.arm_fir_interpolate_q31), (202 bytes).
    Removing filteringfunctions.o(.ARM.exidx.text.arm_fir_interpolate_q31), (8 bytes).
    Removing filteringfunctions.o(.text.arm_fir_lattice_f32), (168 bytes).
    Removing filteringfunctions.o(.ARM.exidx.text.arm_fir_lattice_f32), (8 bytes).
    Removing filteringfunctions.o(.text.arm_fir_lattice_init_f32), (22 bytes).
    Removing filteringfunctions.o(.ARM.exidx.text.arm_fir_lattice_init_f32), (8 bytes).
    Removing filteringfunctions.o(.text.arm_fir_lattice_init_q15), (22 bytes).
    Removing filteringfunctions.o(.ARM.exidx.text.arm_fir_lattice_init_q15), (8 bytes).
    Removing filteringfunctions.o(.text.arm_fir_lattice_init_q31), (22 bytes).
    Removing filteringfunctions.o(.ARM.exidx.text.arm_fir_lattice_init_q31), (8 bytes).
    Removing filteringfunctions.o(.text.arm_fir_lattice_q15), (212 bytes).
    Removing filteringfunctions.o(.ARM.exidx.text.arm_fir_lattice_q15), (8 bytes).
    Removing filteringfunctions.o(.text.arm_fir_lattice_q31), (168 bytes).
    Removing filteringfunctions.o(.ARM.exidx.text.arm_fir_lattice_q31), (8 bytes).
    Removing filteringfunctions.o(.text.arm_fir_q15), (188 bytes).
    Removing filteringfunctions.o(.ARM.exidx.text.arm_fir_q15), (8 bytes).
    Removing filteringfunctions.o(.text.arm_fir_q31), (132 bytes).
    Removing filteringfunctions.o(.ARM.exidx.text.arm_fir_q31), (8 bytes).
    Removing filteringfunctions.o(.text.arm_fir_q7), (140 bytes).
    Removing filteringfunctions.o(.ARM.exidx.text.arm_fir_q7), (8 bytes).
    Removing filteringfunctions.o(.text.arm_fir_sparse_f32), (408 bytes).
    Removing filteringfunctions.o(.ARM.exidx.text.arm_fir_sparse_f32), (8 bytes).
    Removing filteringfunctions.o(.text.arm_fir_sparse_init_f32), (38 bytes).
    Removing filteringfunctions.o(.ARM.exidx.text.arm_fir_sparse_init_f32), (8 bytes).
    Removing filteringfunctions.o(.text.arm_fir_sparse_init_q15), (38 bytes).
    Removing filteringfunctions.o(.ARM.exidx.text.arm_fir_sparse_init_q15), (8 bytes).
    Removing filteringfunctions.o(.text.arm_fir_sparse_init_q31), (38 bytes).
    Removing filteringfunctions.o(.ARM.exidx.text.arm_fir_sparse_init_q31), (8 bytes).
    Removing filteringfunctions.o(.text.arm_fir_sparse_init_q7), (36 bytes).
    Removing filteringfunctions.o(.ARM.exidx.text.arm_fir_sparse_init_q7), (8 bytes).
    Removing filteringfunctions.o(.text.arm_fir_sparse_q15), (484 bytes).
    Removing filteringfunctions.o(.ARM.exidx.text.arm_fir_sparse_q15), (8 bytes).
    Removing filteringfunctions.o(.text.arm_fir_sparse_q31), (438 bytes).
    Removing filteringfunctions.o(.ARM.exidx.text.arm_fir_sparse_q31), (8 bytes).
    Removing filteringfunctions.o(.text.arm_fir_sparse_q7), (468 bytes).
    Removing filteringfunctions.o(.ARM.exidx.text.arm_fir_sparse_q7), (8 bytes).
    Removing filteringfunctions.o(.text.arm_iir_lattice_f32), (222 bytes).
    Removing filteringfunctions.o(.ARM.exidx.text.arm_iir_lattice_f32), (8 bytes).
    Removing filteringfunctions.o(.text.arm_iir_lattice_init_f32), (28 bytes).
    Removing filteringfunctions.o(.ARM.exidx.text.arm_iir_lattice_init_f32), (8 bytes).
    Removing filteringfunctions.o(.text.arm_iir_lattice_init_q15), (28 bytes).
    Removing filteringfunctions.o(.ARM.exidx.text.arm_iir_lattice_init_q15), (8 bytes).
    Removing filteringfunctions.o(.text.arm_iir_lattice_init_q31), (28 bytes).
    Removing filteringfunctions.o(.ARM.exidx.text.arm_iir_lattice_init_q31), (8 bytes).
    Removing filteringfunctions.o(.text.arm_iir_lattice_q15), (256 bytes).
    Removing filteringfunctions.o(.ARM.exidx.text.arm_iir_lattice_q15), (8 bytes).
    Removing filteringfunctions.o(.text.arm_iir_lattice_q31), (304 bytes).
    Removing filteringfunctions.o(.ARM.exidx.text.arm_iir_lattice_q31), (8 bytes).
    Removing filteringfunctions.o(.text.arm_lms_f32), (206 bytes).
    Removing filteringfunctions.o(.ARM.exidx.text.arm_lms_f32), (8 bytes).
    Removing filteringfunctions.o(.text.arm_lms_init_f32), (32 bytes).
    Removing filteringfunctions.o(.ARM.exidx.text.arm_lms_init_f32), (8 bytes).
    Removing filteringfunctions.o(.text.arm_lms_init_q15), (36 bytes).
    Removing filteringfunctions.o(.ARM.exidx.text.arm_lms_init_q15), (8 bytes).
    Removing filteringfunctions.o(.text.arm_lms_init_q31), (36 bytes).
    Removing filteringfunctions.o(.ARM.exidx.text.arm_lms_init_q31), (8 bytes).
    Removing filteringfunctions.o(.text.arm_lms_norm_f32), (288 bytes).
    Removing filteringfunctions.o(.ARM.exidx.text.arm_lms_norm_f32), (8 bytes).
    Removing filteringfunctions.o(.text.arm_lms_norm_init_f32), (38 bytes).
    Removing filteringfunctions.o(.ARM.exidx.text.arm_lms_norm_init_f32), (8 bytes).
    Removing filteringfunctions.o(.text.arm_lms_norm_init_q15), (48 bytes).
    Removing filteringfunctions.o(.ARM.exidx.text.arm_lms_norm_init_q15), (8 bytes).
    Removing filteringfunctions.o(.text.arm_lms_norm_init_q31), (52 bytes).
    Removing filteringfunctions.o(.ARM.exidx.text.arm_lms_norm_init_q31), (8 bytes).
    Removing filteringfunctions.o(.text.arm_lms_norm_q15), (536 bytes).
    Removing filteringfunctions.o(.ARM.exidx.text.arm_lms_norm_q15), (8 bytes).
    Removing filteringfunctions.o(.text.arm_lms_norm_q31), (608 bytes).
    Removing filteringfunctions.o(.ARM.exidx.text.arm_lms_norm_q31), (8 bytes).
    Removing filteringfunctions.o(.text.arm_lms_q15), (276 bytes).
    Removing filteringfunctions.o(.ARM.exidx.text.arm_lms_q15), (8 bytes).
    Removing filteringfunctions.o(.text.arm_lms_q31), (288 bytes).
    Removing filteringfunctions.o(.ARM.exidx.text.arm_lms_q31), (8 bytes).
    Removing filteringfunctions.o(.text.arm_levinson_durbin_f32), (338 bytes).
    Removing filteringfunctions.o(.ARM.exidx.text.arm_levinson_durbin_f32), (8 bytes).
    Removing filteringfunctions.o(.text.arm_levinson_durbin_q31), (576 bytes).
    Removing filteringfunctions.o(.ARM.exidx.text.arm_levinson_durbin_q31), (8 bytes).
    Removing filteringfunctionsf16.o(.text), (0 bytes).
    Removing filteringfunctionsf16.o(.text.arm_fir_f16), (206 bytes).
    Removing filteringfunctionsf16.o(.ARM.exidx.text.arm_fir_f16), (8 bytes).
    Removing filteringfunctionsf16.o(.text.arm_fir_init_f16), (28 bytes).
    Removing filteringfunctionsf16.o(.ARM.exidx.text.arm_fir_init_f16), (8 bytes).
    Removing filteringfunctionsf16.o(.text.arm_biquad_cascade_df1_f16), (300 bytes).
    Removing filteringfunctionsf16.o(.ARM.exidx.text.arm_biquad_cascade_df1_f16), (8 bytes).
    Removing filteringfunctionsf16.o(.text.arm_biquad_cascade_df1_init_f16), (22 bytes).
    Removing filteringfunctionsf16.o(.ARM.exidx.text.arm_biquad_cascade_df1_init_f16), (8 bytes).
    Removing filteringfunctionsf16.o(.text.arm_biquad_cascade_df2T_f16), (264 bytes).
    Removing filteringfunctionsf16.o(.ARM.exidx.text.arm_biquad_cascade_df2T_f16), (8 bytes).
    Removing filteringfunctionsf16.o(.text.arm_biquad_cascade_df2T_init_f16), (22 bytes).
    Removing filteringfunctionsf16.o(.ARM.exidx.text.arm_biquad_cascade_df2T_init_f16), (8 bytes).
    Removing filteringfunctionsf16.o(.text.arm_biquad_cascade_stereo_df2T_f16), (428 bytes).
    Removing filteringfunctionsf16.o(.ARM.exidx.text.arm_biquad_cascade_stereo_df2T_f16), (8 bytes).
    Removing filteringfunctionsf16.o(.text.arm_biquad_cascade_stereo_df2T_init_f16), (22 bytes).
    Removing filteringfunctionsf16.o(.ARM.exidx.text.arm_biquad_cascade_stereo_df2T_init_f16), (8 bytes).
    Removing filteringfunctionsf16.o(.text.arm_correlate_f16), (212 bytes).
    Removing filteringfunctionsf16.o(.ARM.exidx.text.arm_correlate_f16), (8 bytes).
    Removing filteringfunctionsf16.o(.text.arm_levinson_durbin_f16), (544 bytes).
    Removing filteringfunctionsf16.o(.ARM.exidx.text.arm_levinson_durbin_f16), (8 bytes).
    Removing interpolationfunctions.o(.text), (0 bytes).
    Removing interpolationfunctions.o(.text.arm_bilinear_interp_f32), (238 bytes).
    Removing interpolationfunctions.o(.ARM.exidx.text.arm_bilinear_interp_f32), (8 bytes).
    Removing interpolationfunctions.o(.text.arm_bilinear_interp_q15), (256 bytes).
    Removing interpolationfunctions.o(.ARM.exidx.text.arm_bilinear_interp_q15), (8 bytes).
    Removing interpolationfunctions.o(.text.arm_bilinear_interp_q31), (232 bytes).
    Removing interpolationfunctions.o(.ARM.exidx.text.arm_bilinear_interp_q31), (8 bytes).
    Removing interpolationfunctions.o(.text.arm_bilinear_interp_q7), (176 bytes).
    Removing interpolationfunctions.o(.ARM.exidx.text.arm_bilinear_interp_q7), (8 bytes).
    Removing interpolationfunctions.o(.text.arm_linear_interp_f32), (176 bytes).
    Removing interpolationfunctions.o(.ARM.exidx.text.arm_linear_interp_f32), (8 bytes).
    Removing interpolationfunctions.o(.text.arm_linear_interp_q15), (96 bytes).
    Removing interpolationfunctions.o(.ARM.exidx.text.arm_linear_interp_q15), (8 bytes).
    Removing interpolationfunctions.o(.text.arm_linear_interp_q31), (84 bytes).
    Removing interpolationfunctions.o(.ARM.exidx.text.arm_linear_interp_q31), (8 bytes).
    Removing interpolationfunctions.o(.text.arm_linear_interp_q7), (56 bytes).
    Removing interpolationfunctions.o(.ARM.exidx.text.arm_linear_interp_q7), (8 bytes).
    Removing interpolationfunctions.o(.text.arm_spline_f32), (414 bytes).
    Removing interpolationfunctions.o(.ARM.exidx.text.arm_spline_f32), (8 bytes).
    Removing interpolationfunctions.o(.text.arm_spline_init_f32), (580 bytes).
    Removing interpolationfunctions.o(.ARM.exidx.text.arm_spline_init_f32), (8 bytes).
    Removing interpolationfunctionsf16.o(.text), (0 bytes).
    Removing interpolationfunctionsf16.o(.text.arm_bilinear_interp_f16), (318 bytes).
    Removing interpolationfunctionsf16.o(.ARM.exidx.text.arm_bilinear_interp_f16), (8 bytes).
    Removing interpolationfunctionsf16.o(.text.arm_linear_interp_f16), (238 bytes).
    Removing interpolationfunctionsf16.o(.ARM.exidx.text.arm_linear_interp_f16), (8 bytes).
    Removing matrixfunctions.o(.text), (0 bytes).
    Removing matrixfunctions.o(.text.arm_mat_add_f32), (38 bytes).
    Removing matrixfunctions.o(.ARM.exidx.text.arm_mat_add_f32), (8 bytes).
    Removing matrixfunctions.o(.text.arm_mat_add_q15), (72 bytes).
    Removing matrixfunctions.o(.ARM.exidx.text.arm_mat_add_q15), (8 bytes).
    Removing matrixfunctions.o(.text.arm_mat_add_q31), (60 bytes).
    Removing matrixfunctions.o(.ARM.exidx.text.arm_mat_add_q31), (8 bytes).
    Removing matrixfunctions.o(.text.arm_mat_cmplx_mult_f32), (218 bytes).
    Removing matrixfunctions.o(.ARM.exidx.text.arm_mat_cmplx_mult_f32), (8 bytes).
    Removing matrixfunctions.o(.text.arm_mat_cmplx_mult_q15), (508 bytes).
    Removing matrixfunctions.o(.ARM.exidx.text.arm_mat_cmplx_mult_q15), (8 bytes).
    Removing matrixfunctions.o(.text.arm_mat_cmplx_mult_q31), (316 bytes).
    Removing matrixfunctions.o(.ARM.exidx.text.arm_mat_cmplx_mult_q31), (8 bytes).
    Removing matrixfunctions.o(.text.arm_mat_init_f32), (8 bytes).
    Removing matrixfunctions.o(.ARM.exidx.text.arm_mat_init_f32), (8 bytes).
    Removing matrixfunctions.o(.text.arm_mat_init_q15), (8 bytes).
    Removing matrixfunctions.o(.ARM.exidx.text.arm_mat_init_q15), (8 bytes).
    Removing matrixfunctions.o(.text.arm_mat_init_q31), (8 bytes).
    Removing matrixfunctions.o(.ARM.exidx.text.arm_mat_init_q31), (8 bytes).
    Removing matrixfunctions.o(.text.arm_mat_inverse_f32), (578 bytes).
    Removing matrixfunctions.o(.ARM.exidx.text.arm_mat_inverse_f32), (8 bytes).
    Removing matrixfunctions.o(.text.arm_mat_inverse_f64), (708 bytes).
    Removing matrixfunctions.o(.ARM.exidx.text.arm_mat_inverse_f64), (8 bytes).
    Removing matrixfunctions.o(.text.arm_mat_mult_f64), (228 bytes).
    Removing matrixfunctions.o(.ARM.exidx.text.arm_mat_mult_f64), (8 bytes).
    Removing matrixfunctions.o(.text.arm_mat_mult_f32), (146 bytes).
    Removing matrixfunctions.o(.ARM.exidx.text.arm_mat_mult_f32), (8 bytes).
    Removing matrixfunctions.o(.text.arm_mat_mult_fast_q15), (370 bytes).
    Removing matrixfunctions.o(.ARM.exidx.text.arm_mat_mult_fast_q15), (8 bytes).
    Removing matrixfunctions.o(.text.arm_mat_mult_fast_q31), (548 bytes).
    Removing matrixfunctions.o(.ARM.exidx.text.arm_mat_mult_fast_q31), (8 bytes).
    Removing matrixfunctions.o(.text.arm_mat_mult_q7), (164 bytes).
    Removing matrixfunctions.o(.ARM.exidx.text.arm_mat_mult_q7), (8 bytes).
    Removing matrixfunctions.o(.text.arm_mat_mult_q15), (184 bytes).
    Removing matrixfunctions.o(.ARM.exidx.text.arm_mat_mult_q15), (8 bytes).
    Removing matrixfunctions.o(.text.arm_mat_mult_q31), (152 bytes).
    Removing matrixfunctions.o(.ARM.exidx.text.arm_mat_mult_q31), (8 bytes).
    Removing matrixfunctions.o(.text.arm_mat_scale_f32), (38 bytes).
    Removing matrixfunctions.o(.ARM.exidx.text.arm_mat_scale_f32), (8 bytes).
    Removing matrixfunctions.o(.text.arm_mat_scale_q15), (72 bytes).
    Removing matrixfunctions.o(.ARM.exidx.text.arm_mat_scale_q15), (8 bytes).
    Removing matrixfunctions.o(.text.arm_mat_scale_q31), (72 bytes).
    Removing matrixfunctions.o(.ARM.exidx.text.arm_mat_scale_q31), (8 bytes).
    Removing matrixfunctions.o(.text.arm_mat_sub_f64), (84 bytes).
    Removing matrixfunctions.o(.ARM.exidx.text.arm_mat_sub_f64), (8 bytes).
    Removing matrixfunctions.o(.text.arm_mat_sub_f32), (38 bytes).
    Removing matrixfunctions.o(.ARM.exidx.text.arm_mat_sub_f32), (8 bytes).
    Removing matrixfunctions.o(.text.arm_mat_sub_q15), (72 bytes).
    Removing matrixfunctions.o(.ARM.exidx.text.arm_mat_sub_q15), (8 bytes).
    Removing matrixfunctions.o(.text.arm_mat_sub_q31), (60 bytes).
    Removing matrixfunctions.o(.ARM.exidx.text.arm_mat_sub_q31), (8 bytes).
    Removing matrixfunctions.o(.text.arm_mat_trans_f32), (44 bytes).
    Removing matrixfunctions.o(.ARM.exidx.text.arm_mat_trans_f32), (8 bytes).
    Removing matrixfunctions.o(.text.arm_mat_trans_f64), (86 bytes).
    Removing matrixfunctions.o(.ARM.exidx.text.arm_mat_trans_f64), (8 bytes).
    Removing matrixfunctions.o(.text.arm_mat_trans_q7), (58 bytes).
    Removing matrixfunctions.o(.ARM.exidx.text.arm_mat_trans_q7), (8 bytes).
    Removing matrixfunctions.o(.text.arm_mat_trans_q15), (48 bytes).
    Removing matrixfunctions.o(.ARM.exidx.text.arm_mat_trans_q15), (8 bytes).
    Removing matrixfunctions.o(.text.arm_mat_trans_q31), (44 bytes).
    Removing matrixfunctions.o(.ARM.exidx.text.arm_mat_trans_q31), (8 bytes).
    Removing matrixfunctions.o(.text.arm_mat_vec_mult_f32), (360 bytes).
    Removing matrixfunctions.o(.ARM.exidx.text.arm_mat_vec_mult_f32), (8 bytes).
    Removing matrixfunctions.o(.text.arm_mat_vec_mult_q31), (462 bytes).
    Removing matrixfunctions.o(.ARM.exidx.text.arm_mat_vec_mult_q31), (8 bytes).
    Removing matrixfunctions.o(.text.arm_mat_vec_mult_q15), (880 bytes).
    Removing matrixfunctions.o(.ARM.exidx.text.arm_mat_vec_mult_q15), (8 bytes).
    Removing matrixfunctions.o(.text.arm_mat_vec_mult_q7), (896 bytes).
    Removing matrixfunctions.o(.ARM.exidx.text.arm_mat_vec_mult_q7), (8 bytes).
    Removing matrixfunctions.o(.text.arm_mat_cmplx_trans_f32), (54 bytes).
    Removing matrixfunctions.o(.ARM.exidx.text.arm_mat_cmplx_trans_f32), (8 bytes).
    Removing matrixfunctions.o(.text.arm_mat_cmplx_trans_q31), (54 bytes).
    Removing matrixfunctions.o(.ARM.exidx.text.arm_mat_cmplx_trans_q31), (8 bytes).
    Removing matrixfunctions.o(.text.arm_mat_cmplx_trans_q15), (54 bytes).
    Removing matrixfunctions.o(.ARM.exidx.text.arm_mat_cmplx_trans_q15), (8 bytes).
    Removing matrixfunctions.o(.text.arm_mat_cholesky_f64), (280 bytes).
    Removing matrixfunctions.o(.ARM.exidx.text.arm_mat_cholesky_f64), (8 bytes).
    Removing matrixfunctions.o(.text.arm_mat_cholesky_f32), (234 bytes).
    Removing matrixfunctions.o(.ARM.exidx.text.arm_mat_cholesky_f32), (8 bytes).
    Removing matrixfunctions.o(.text.arm_mat_solve_upper_triangular_f32), (238 bytes).
    Removing matrixfunctions.o(.ARM.exidx.text.arm_mat_solve_upper_triangular_f32), (8 bytes).
    Removing matrixfunctions.o(.text.arm_mat_solve_lower_triangular_f32), (200 bytes).
    Removing matrixfunctions.o(.ARM.exidx.text.arm_mat_solve_lower_triangular_f32), (8 bytes).
    Removing matrixfunctions.o(.text.arm_mat_solve_upper_triangular_f64), (284 bytes).
    Removing matrixfunctions.o(.ARM.exidx.text.arm_mat_solve_upper_triangular_f64), (8 bytes).
    Removing matrixfunctions.o(.text.arm_mat_solve_lower_triangular_f64), (230 bytes).
    Removing matrixfunctions.o(.ARM.exidx.text.arm_mat_solve_lower_triangular_f64), (8 bytes).
    Removing matrixfunctions.o(.text.arm_mat_ldlt_f32), (628 bytes).
    Removing matrixfunctions.o(.ARM.exidx.text.arm_mat_ldlt_f32), (8 bytes).
    Removing matrixfunctions.o(.text.arm_mat_ldlt_f64), (732 bytes).
    Removing matrixfunctions.o(.ARM.exidx.text.arm_mat_ldlt_f64), (8 bytes).
    Removing matrixfunctionsf16.o(.text), (0 bytes).
    Removing matrixfunctionsf16.o(.text.arm_mat_add_f16), (64 bytes).
    Removing matrixfunctionsf16.o(.ARM.exidx.text.arm_mat_add_f16), (8 bytes).
    Removing matrixfunctionsf16.o(.text.arm_mat_sub_f16), (64 bytes).
    Removing matrixfunctionsf16.o(.ARM.exidx.text.arm_mat_sub_f16), (8 bytes).
    Removing matrixfunctionsf16.o(.text.arm_mat_trans_f16), (68 bytes).
    Removing matrixfunctionsf16.o(.ARM.exidx.text.arm_mat_trans_f16), (8 bytes).
    Removing matrixfunctionsf16.o(.text.arm_mat_scale_f16), (64 bytes).
    Removing matrixfunctionsf16.o(.ARM.exidx.text.arm_mat_scale_f16), (8 bytes).
    Removing matrixfunctionsf16.o(.text.arm_mat_mult_f16), (186 bytes).
    Removing matrixfunctionsf16.o(.ARM.exidx.text.arm_mat_mult_f16), (8 bytes).
    Removing matrixfunctionsf16.o(.text.arm_mat_vec_mult_f16), (608 bytes).
    Removing matrixfunctionsf16.o(.ARM.exidx.text.arm_mat_vec_mult_f16), (8 bytes).
    Removing matrixfunctionsf16.o(.text.arm_mat_cmplx_trans_f16), (82 bytes).
    Removing matrixfunctionsf16.o(.ARM.exidx.text.arm_mat_cmplx_trans_f16), (8 bytes).
    Removing matrixfunctionsf16.o(.text.arm_mat_cmplx_mult_f16), (278 bytes).
    Removing matrixfunctionsf16.o(.ARM.exidx.text.arm_mat_cmplx_mult_f16), (8 bytes).
    Removing matrixfunctionsf16.o(.text.arm_mat_inverse_f16), (814 bytes).
    Removing matrixfunctionsf16.o(.ARM.exidx.text.arm_mat_inverse_f16), (8 bytes).
    Removing matrixfunctionsf16.o(.text.arm_mat_init_f16), (8 bytes).
    Removing matrixfunctionsf16.o(.ARM.exidx.text.arm_mat_init_f16), (8 bytes).
    Removing matrixfunctionsf16.o(.text.arm_mat_cholesky_f16), (344 bytes).
    Removing matrixfunctionsf16.o(.ARM.exidx.text.arm_mat_cholesky_f16), (8 bytes).
    Removing matrixfunctionsf16.o(.text.arm_mat_solve_upper_triangular_f16), (304 bytes).
    Removing matrixfunctionsf16.o(.ARM.exidx.text.arm_mat_solve_upper_triangular_f16), (8 bytes).
    Removing matrixfunctionsf16.o(.text.arm_mat_solve_lower_triangular_f16), (266 bytes).
    Removing matrixfunctionsf16.o(.ARM.exidx.text.arm_mat_solve_lower_triangular_f16), (8 bytes).
    Removing quaternionmathfunctions.o(.text), (0 bytes).
    Removing quaternionmathfunctions.o(.text.arm_quaternion_norm_f32), (92 bytes).
    Removing quaternionmathfunctions.o(.ARM.exidx.text.arm_quaternion_norm_f32), (8 bytes).
    Removing quaternionmathfunctions.o(.text.arm_quaternion_inverse_f32), (162 bytes).
    Removing quaternionmathfunctions.o(.ARM.exidx.text.arm_quaternion_inverse_f32), (8 bytes).
    Removing quaternionmathfunctions.o(.text.arm_quaternion_conjugate_f32), (46 bytes).
    Removing quaternionmathfunctions.o(.ARM.exidx.text.arm_quaternion_conjugate_f32), (8 bytes).
    Removing quaternionmathfunctions.o(.text.arm_quaternion_normalize_f32), (150 bytes).
    Removing quaternionmathfunctions.o(.ARM.exidx.text.arm_quaternion_normalize_f32), (8 bytes).
    Removing quaternionmathfunctions.o(.text.arm_quaternion_product_single_f32), (270 bytes).
    Removing quaternionmathfunctions.o(.ARM.exidx.text.arm_quaternion_product_single_f32), (8 bytes).
    Removing quaternionmathfunctions.o(.text.arm_quaternion_product_f32), (42 bytes).
    Removing quaternionmathfunctions.o(.ARM.exidx.text.arm_quaternion_product_f32), (8 bytes).
    Removing quaternionmathfunctions.o(.text.arm_quaternion2rotation_f32), (350 bytes).
    Removing quaternionmathfunctions.o(.ARM.exidx.text.arm_quaternion2rotation_f32), (8 bytes).
    Removing quaternionmathfunctions.o(.text.arm_rotation2quaternion_f32), (684 bytes).
    Removing quaternionmathfunctions.o(.ARM.exidx.text.arm_rotation2quaternion_f32), (8 bytes).
    Removing svmfunctions.o(.text), (0 bytes).
    Removing svmfunctions.o(.text.arm_svm_linear_init_f32), (16 bytes).
    Removing svmfunctions.o(.ARM.exidx.text.arm_svm_linear_init_f32), (8 bytes).
    Removing svmfunctions.o(.text.arm_svm_linear_predict_f32), (166 bytes).
    Removing svmfunctions.o(.ARM.exidx.text.arm_svm_linear_predict_f32), (8 bytes).
    Removing svmfunctions.o(.text.arm_svm_polynomial_init_f32), (28 bytes).
    Removing svmfunctions.o(.ARM.exidx.text.arm_svm_polynomial_init_f32), (8 bytes).
    Removing svmfunctions.o(.text.arm_svm_polynomial_predict_f32), (198 bytes).
    Removing svmfunctions.o(.ARM.exidx.text.arm_svm_polynomial_predict_f32), (8 bytes).
    Removing svmfunctions.o(.text.arm_exponent_f32), (30 bytes).
    Removing svmfunctions.o(.ARM.exidx.text.arm_exponent_f32), (8 bytes).
    Removing svmfunctions.o(.text.arm_svm_rbf_init_f32), (20 bytes).
    Removing svmfunctions.o(.ARM.exidx.text.arm_svm_rbf_init_f32), (8 bytes).
    Removing svmfunctions.o(.text.arm_svm_rbf_predict_f32), (182 bytes).
    Removing svmfunctions.o(.ARM.exidx.text.arm_svm_rbf_predict_f32), (8 bytes).
    Removing svmfunctions.o(.text.arm_svm_sigmoid_init_f32), (24 bytes).
    Removing svmfunctions.o(.ARM.exidx.text.arm_svm_sigmoid_init_f32), (8 bytes).
    Removing svmfunctions.o(.text.arm_svm_sigmoid_predict_f32), (176 bytes).
    Removing svmfunctions.o(.ARM.exidx.text.arm_svm_sigmoid_predict_f32), (8 bytes).
    Removing svmfunctionsf16.o(.text), (0 bytes).
    Removing svmfunctionsf16.o(.text.arm_svm_linear_init_f16), (20 bytes).
    Removing svmfunctionsf16.o(.ARM.exidx.text.arm_svm_linear_init_f16), (8 bytes).
    Removing svmfunctionsf16.o(.text.arm_svm_linear_predict_f16), (246 bytes).
    Removing svmfunctionsf16.o(.ARM.exidx.text.arm_svm_linear_predict_f16), (8 bytes).
    Removing svmfunctionsf16.o(.text.arm_svm_polynomial_init_f16), (32 bytes).
    Removing svmfunctionsf16.o(.ARM.exidx.text.arm_svm_polynomial_init_f16), (8 bytes).
    Removing svmfunctionsf16.o(.text.arm_svm_polynomial_predict_f16), (300 bytes).
    Removing svmfunctionsf16.o(.ARM.exidx.text.arm_svm_polynomial_predict_f16), (8 bytes).
    Removing svmfunctionsf16.o(.text.arm_exponent_f16), (56 bytes).
    Removing svmfunctionsf16.o(.ARM.exidx.text.arm_exponent_f16), (8 bytes).
    Removing svmfunctionsf16.o(.text.arm_svm_rbf_init_f16), (24 bytes).
    Removing svmfunctionsf16.o(.ARM.exidx.text.arm_svm_rbf_init_f16), (8 bytes).
    Removing svmfunctionsf16.o(.text.arm_svm_rbf_predict_f16), (262 bytes).
    Removing svmfunctionsf16.o(.ARM.exidx.text.arm_svm_rbf_predict_f16), (8 bytes).
    Removing svmfunctionsf16.o(.text.arm_svm_sigmoid_init_f16), (28 bytes).
    Removing svmfunctionsf16.o(.ARM.exidx.text.arm_svm_sigmoid_init_f16), (8 bytes).
    Removing svmfunctionsf16.o(.text.arm_svm_sigmoid_predict_f16), (276 bytes).
    Removing svmfunctionsf16.o(.ARM.exidx.text.arm_svm_sigmoid_predict_f16), (8 bytes).
    Removing statisticsfunctions.o(.text), (0 bytes).
    Removing statisticsfunctions.o(.text.arm_entropy_f32), (58 bytes).
    Removing statisticsfunctions.o(.ARM.exidx.text.arm_entropy_f32), (8 bytes).
    Removing statisticsfunctions.o(.text.arm_entropy_f64), (82 bytes).
    Removing statisticsfunctions.o(.ARM.exidx.text.arm_entropy_f64), (8 bytes).
    Removing statisticsfunctions.o(.text.arm_kullback_leibler_f32), (68 bytes).
    Removing statisticsfunctions.o(.ARM.exidx.text.arm_kullback_leibler_f32), (8 bytes).
    Removing statisticsfunctions.o(.text.arm_kullback_leibler_f64), (94 bytes).
    Removing statisticsfunctions.o(.ARM.exidx.text.arm_kullback_leibler_f64), (8 bytes).
    Removing statisticsfunctions.o(.text.arm_logsumexp_dot_prod_f32), (24 bytes).
    Removing statisticsfunctions.o(.ARM.exidx.text.arm_logsumexp_dot_prod_f32), (8 bytes).
    Removing statisticsfunctions.o(.text.arm_logsumexp_f32), (102 bytes).
    Removing statisticsfunctions.o(.ARM.exidx.text.arm_logsumexp_f32), (8 bytes).
    Removing statisticsfunctions.o(.text.arm_max_f32), (94 bytes).
    Removing statisticsfunctions.o(.ARM.exidx.text.arm_max_f32), (8 bytes).
    Removing statisticsfunctions.o(.text.arm_max_q15), (72 bytes).
    Removing statisticsfunctions.o(.ARM.exidx.text.arm_max_q15), (8 bytes).
    Removing statisticsfunctions.o(.text.arm_max_q31), (62 bytes).
    Removing statisticsfunctions.o(.ARM.exidx.text.arm_max_q31), (8 bytes).
    Removing statisticsfunctions.o(.text.arm_max_q7), (66 bytes).
    Removing statisticsfunctions.o(.ARM.exidx.text.arm_max_q7), (8 bytes).
    Removing statisticsfunctions.o(.text.arm_max_no_idx_f32), (56 bytes).
    Removing statisticsfunctions.o(.ARM.exidx.text.arm_max_no_idx_f32), (8 bytes).
    Removing statisticsfunctions.o(.text.arm_mean_f32), (58 bytes).
    Removing statisticsfunctions.o(.ARM.exidx.text.arm_mean_f32), (8 bytes).
    Removing statisticsfunctions.o(.text.arm_mean_q15), (40 bytes).
    Removing statisticsfunctions.o(.ARM.exidx.text.arm_mean_q15), (8 bytes).
    Removing statisticsfunctions.o(.text.arm_mean_q31), (50 bytes).
    Removing statisticsfunctions.o(.ARM.exidx.text.arm_mean_q31), (8 bytes).
    Removing statisticsfunctions.o(.text.arm_mean_q7), (40 bytes).
    Removing statisticsfunctions.o(.ARM.exidx.text.arm_mean_q7), (8 bytes).
    Removing statisticsfunctions.o(.text.arm_min_f32), (94 bytes).
    Removing statisticsfunctions.o(.ARM.exidx.text.arm_min_f32), (8 bytes).
    Removing statisticsfunctions.o(.text.arm_min_q15), (72 bytes).
    Removing statisticsfunctions.o(.ARM.exidx.text.arm_min_q15), (8 bytes).
    Removing statisticsfunctions.o(.text.arm_min_q31), (62 bytes).
    Removing statisticsfunctions.o(.ARM.exidx.text.arm_min_q31), (8 bytes).
    Removing statisticsfunctions.o(.text.arm_min_q7), (66 bytes).
    Removing statisticsfunctions.o(.ARM.exidx.text.arm_min_q7), (8 bytes).
    Removing statisticsfunctions.o(.text.arm_power_f32), (48 bytes).
    Removing statisticsfunctions.o(.ARM.exidx.text.arm_power_f32), (8 bytes).
    Removing statisticsfunctions.o(.text.arm_power_q15), (42 bytes).
    Removing statisticsfunctions.o(.ARM.exidx.text.arm_power_q15), (8 bytes).
    Removing statisticsfunctions.o(.text.arm_power_q31), (60 bytes).
    Removing statisticsfunctions.o(.ARM.exidx.text.arm_power_q31), (8 bytes).
    Removing statisticsfunctions.o(.text.arm_power_q7), (28 bytes).
    Removing statisticsfunctions.o(.ARM.exidx.text.arm_power_q7), (8 bytes).
    Removing statisticsfunctions.o(.text.arm_rms_f32), (88 bytes).
    Removing statisticsfunctions.o(.ARM.exidx.text.arm_rms_f32), (8 bytes).
    Removing statisticsfunctions.o(.text.arm_rms_q15), (96 bytes).
    Removing statisticsfunctions.o(.ARM.exidx.text.arm_rms_q15), (8 bytes).
    Removing statisticsfunctions.o(.text.arm_rms_q31), (92 bytes).
    Removing statisticsfunctions.o(.ARM.exidx.text.arm_rms_q31), (8 bytes).
    Removing statisticsfunctions.o(.text.arm_std_f32), (42 bytes).
    Removing statisticsfunctions.o(.ARM.exidx.text.arm_std_f32), (8 bytes).
    Removing statisticsfunctions.o(.text.arm_var_f32), (116 bytes).
    Removing statisticsfunctions.o(.ARM.exidx.text.arm_var_f32), (8 bytes).
    Removing statisticsfunctions.o(.text.arm_std_q15), (136 bytes).
    Removing statisticsfunctions.o(.ARM.exidx.text.arm_std_q15), (8 bytes).
    Removing statisticsfunctions.o(.text.arm_std_q31), (144 bytes).
    Removing statisticsfunctions.o(.ARM.exidx.text.arm_std_q31), (8 bytes).
    Removing statisticsfunctions.o(.text.arm_var_q15), (102 bytes).
    Removing statisticsfunctions.o(.ARM.exidx.text.arm_var_q15), (8 bytes).
    Removing statisticsfunctions.o(.text.arm_var_q31), (138 bytes).
    Removing statisticsfunctions.o(.ARM.exidx.text.arm_var_q31), (8 bytes).
    Removing statisticsfunctions.o(.text.arm_absmax_f32), (106 bytes).
    Removing statisticsfunctions.o(.ARM.exidx.text.arm_absmax_f32), (8 bytes).
    Removing statisticsfunctions.o(.text.arm_absmax_q15), (116 bytes).
    Removing statisticsfunctions.o(.ARM.exidx.text.arm_absmax_q15), (8 bytes).
    Removing statisticsfunctions.o(.text.arm_absmax_q31), (108 bytes).
    Removing statisticsfunctions.o(.ARM.exidx.text.arm_absmax_q31), (8 bytes).
    Removing statisticsfunctions.o(.text.arm_absmax_q7), (104 bytes).
    Removing statisticsfunctions.o(.ARM.exidx.text.arm_absmax_q7), (8 bytes).
    Removing statisticsfunctions.o(.text.arm_absmin_f32), (106 bytes).
    Removing statisticsfunctions.o(.ARM.exidx.text.arm_absmin_f32), (8 bytes).
    Removing statisticsfunctions.o(.text.arm_absmin_q15), (116 bytes).
    Removing statisticsfunctions.o(.ARM.exidx.text.arm_absmin_q15), (8 bytes).
    Removing statisticsfunctions.o(.text.arm_absmin_q31), (108 bytes).
    Removing statisticsfunctions.o(.ARM.exidx.text.arm_absmin_q31), (8 bytes).
    Removing statisticsfunctions.o(.text.arm_absmin_q7), (104 bytes).
    Removing statisticsfunctions.o(.ARM.exidx.text.arm_absmin_q7), (8 bytes).
    Removing statisticsfunctionsf16.o(.text), (0 bytes).
    Removing statisticsfunctionsf16.o(.text.arm_max_f16), (108 bytes).
    Removing statisticsfunctionsf16.o(.ARM.exidx.text.arm_max_f16), (8 bytes).
    Removing statisticsfunctionsf16.o(.text.arm_min_f16), (108 bytes).
    Removing statisticsfunctionsf16.o(.ARM.exidx.text.arm_min_f16), (8 bytes).
    Removing statisticsfunctionsf16.o(.text.arm_mean_f16), (102 bytes).
    Removing statisticsfunctionsf16.o(.ARM.exidx.text.arm_mean_f16), (8 bytes).
    Removing statisticsfunctionsf16.o(.text.arm_power_f16), (68 bytes).
    Removing statisticsfunctionsf16.o(.ARM.exidx.text.arm_power_f16), (8 bytes).
    Removing statisticsfunctionsf16.o(.text.arm_rms_f16), (148 bytes).
    Removing statisticsfunctionsf16.o(.ARM.exidx.text.arm_rms_f16), (8 bytes).
    Removing statisticsfunctionsf16.o(.text.arm_std_f16), (74 bytes).
    Removing statisticsfunctionsf16.o(.ARM.exidx.text.arm_std_f16), (8 bytes).
    Removing statisticsfunctionsf16.o(.text.arm_var_f16), (216 bytes).
    Removing statisticsfunctionsf16.o(.ARM.exidx.text.arm_var_f16), (8 bytes).
    Removing statisticsfunctionsf16.o(.text.arm_entropy_f16), (88 bytes).
    Removing statisticsfunctionsf16.o(.ARM.exidx.text.arm_entropy_f16), (8 bytes).
    Removing statisticsfunctionsf16.o(.text.arm_kullback_leibler_f16), (108 bytes).
    Removing statisticsfunctionsf16.o(.ARM.exidx.text.arm_kullback_leibler_f16), (8 bytes).
    Removing statisticsfunctionsf16.o(.text.arm_logsumexp_dot_prod_f16), (24 bytes).
    Removing statisticsfunctionsf16.o(.ARM.exidx.text.arm_logsumexp_dot_prod_f16), (8 bytes).
    Removing statisticsfunctionsf16.o(.text.arm_logsumexp_f16), (176 bytes).
    Removing statisticsfunctionsf16.o(.ARM.exidx.text.arm_logsumexp_f16), (8 bytes).
    Removing statisticsfunctionsf16.o(.text.arm_max_no_idx_f16), (80 bytes).
    Removing statisticsfunctionsf16.o(.ARM.exidx.text.arm_max_no_idx_f16), (8 bytes).
    Removing statisticsfunctionsf16.o(.text.arm_absmax_f16), (124 bytes).
    Removing statisticsfunctionsf16.o(.ARM.exidx.text.arm_absmax_f16), (8 bytes).
    Removing statisticsfunctionsf16.o(.text.arm_absmin_f16), (124 bytes).
    Removing statisticsfunctionsf16.o(.ARM.exidx.text.arm_absmin_f16), (8 bytes).
    Removing supportfunctions.o(.text), (0 bytes).
    Removing supportfunctions.o(.text.arm_barycenter_f32), (124 bytes).
    Removing supportfunctions.o(.ARM.exidx.text.arm_barycenter_f32), (8 bytes).
    Removing supportfunctions.o(.text.arm_bitonic_sort_f32), (92 bytes).
    Removing supportfunctions.o(.ARM.exidx.text.arm_bitonic_sort_f32), (8 bytes).
    Removing supportfunctions.o(.text.arm_bitonic_sort_core_f32), (172 bytes).
    Removing supportfunctions.o(.ARM.exidx.text.arm_bitonic_sort_core_f32), (8 bytes).
    Removing supportfunctions.o(.text.arm_bubble_sort_f32), (106 bytes).
    Removing supportfunctions.o(.ARM.exidx.text.arm_bubble_sort_f32), (8 bytes).
    Removing supportfunctions.o(.text.arm_copy_f32), (14 bytes).
    Removing supportfunctions.o(.ARM.exidx.text.arm_copy_f32), (8 bytes).
    Removing supportfunctions.o(.text.arm_copy_q15), (20 bytes).
    Removing supportfunctions.o(.ARM.exidx.text.arm_copy_q15), (8 bytes).
    Removing supportfunctions.o(.text.arm_copy_q31), (14 bytes).
    Removing supportfunctions.o(.ARM.exidx.text.arm_copy_q31), (8 bytes).
    Removing supportfunctions.o(.text.arm_copy_q7), (20 bytes).
    Removing supportfunctions.o(.ARM.exidx.text.arm_copy_q7), (8 bytes).
    Removing supportfunctions.o(.text.arm_fill_f32), (12 bytes).
    Removing supportfunctions.o(.ARM.exidx.text.arm_fill_f32), (8 bytes).
    Removing supportfunctions.o(.text.arm_fill_q15), (16 bytes).
    Removing supportfunctions.o(.ARM.exidx.text.arm_fill_q15), (8 bytes).
    Removing supportfunctions.o(.text.arm_fill_q31), (12 bytes).
    Removing supportfunctions.o(.ARM.exidx.text.arm_fill_q31), (8 bytes).
    Removing supportfunctions.o(.text.arm_fill_q7), (20 bytes).
    Removing supportfunctions.o(.ARM.exidx.text.arm_fill_q7), (8 bytes).
    Removing supportfunctions.o(.text.arm_heap_sort_f32), (92 bytes).
    Removing supportfunctions.o(.ARM.exidx.text.arm_heap_sort_f32), (8 bytes).
    Removing supportfunctions.o(.text.arm_heapify), (130 bytes).
    Removing supportfunctions.o(.ARM.exidx.text.arm_heapify), (8 bytes).
    Removing supportfunctions.o(.text.arm_insertion_sort_f32), (126 bytes).
    Removing supportfunctions.o(.ARM.exidx.text.arm_insertion_sort_f32), (8 bytes).
    Removing supportfunctions.o(.text.arm_merge_sort_f32), (62 bytes).
    Removing supportfunctions.o(.ARM.exidx.text.arm_merge_sort_f32), (8 bytes).
    Removing supportfunctions.o(.text.arm_merge_sort_core_f32), (76 bytes).
    Removing supportfunctions.o(.ARM.exidx.text.arm_merge_sort_core_f32), (8 bytes).
    Removing supportfunctions.o(.text.arm_merge_sort_init_f32), (6 bytes).
    Removing supportfunctions.o(.ARM.exidx.text.arm_merge_sort_init_f32), (8 bytes).
    Removing supportfunctions.o(.text.arm_quick_sort_f32), (38 bytes).
    Removing supportfunctions.o(.ARM.exidx.text.arm_quick_sort_f32), (8 bytes).
    Removing supportfunctions.o(.text.arm_quick_sort_core_f32), (50 bytes).
    Removing supportfunctions.o(.ARM.exidx.text.arm_quick_sort_core_f32), (8 bytes).
    Removing supportfunctions.o(.text.arm_selection_sort_f32), (138 bytes).
    Removing supportfunctions.o(.ARM.exidx.text.arm_selection_sort_f32), (8 bytes).
    Removing supportfunctions.o(.text.arm_sort_f32), (58 bytes).
    Removing supportfunctions.o(.ARM.exidx.text.arm_sort_f32), (8 bytes).
    Removing supportfunctions.o(.text.arm_sort_init_f32), (6 bytes).
    Removing supportfunctions.o(.ARM.exidx.text.arm_sort_init_f32), (8 bytes).
    Removing supportfunctions.o(.text.arm_weighted_sum_f32), (70 bytes).
    Removing supportfunctions.o(.ARM.exidx.text.arm_weighted_sum_f32), (8 bytes).
    Removing supportfunctions.o(.text.arm_float_to_q15), (72 bytes).
    Removing supportfunctions.o(.ARM.exidx.text.arm_float_to_q15), (8 bytes).
    Removing supportfunctions.o(.text.arm_float_to_q31), (60 bytes).
    Removing supportfunctions.o(.ARM.exidx.text.arm_float_to_q31), (8 bytes).
    Removing supportfunctions.o(.text.arm_float_to_q7), (58 bytes).
    Removing supportfunctions.o(.ARM.exidx.text.arm_float_to_q7), (8 bytes).
    Removing supportfunctions.o(.text.arm_q15_to_float), (40 bytes).
    Removing supportfunctions.o(.ARM.exidx.text.arm_q15_to_float), (8 bytes).
    Removing supportfunctions.o(.text.arm_q15_to_q31), (20 bytes).
    Removing supportfunctions.o(.ARM.exidx.text.arm_q15_to_q31), (8 bytes).
    Removing supportfunctions.o(.text.arm_q15_to_q7), (20 bytes).
    Removing supportfunctions.o(.ARM.exidx.text.arm_q15_to_q7), (8 bytes).
    Removing supportfunctions.o(.text.arm_q31_to_float), (34 bytes).
    Removing supportfunctions.o(.ARM.exidx.text.arm_q31_to_float), (8 bytes).
    Removing supportfunctions.o(.text.arm_q31_to_q15), (20 bytes).
    Removing supportfunctions.o(.ARM.exidx.text.arm_q31_to_q15), (8 bytes).
    Removing supportfunctions.o(.text.arm_q31_to_q7), (20 bytes).
    Removing supportfunctions.o(.ARM.exidx.text.arm_q31_to_q7), (8 bytes).
    Removing supportfunctions.o(.text.arm_q7_to_float), (40 bytes).
    Removing supportfunctions.o(.ARM.exidx.text.arm_q7_to_float), (8 bytes).
    Removing supportfunctions.o(.text.arm_q7_to_q15), (22 bytes).
    Removing supportfunctions.o(.ARM.exidx.text.arm_q7_to_q15), (8 bytes).
    Removing supportfunctions.o(.text.arm_q7_to_q31), (20 bytes).
    Removing supportfunctions.o(.ARM.exidx.text.arm_q7_to_q31), (8 bytes).
    Removing supportfunctions.o(.text.topDownMerge), (106 bytes).
    Removing supportfunctions.o(.ARM.exidx.text.topDownMerge), (8 bytes).
    Removing supportfunctions.o(.text.arm_quick_sort_partition_f32), (182 bytes).
    Removing supportfunctions.o(.ARM.exidx.text.arm_quick_sort_partition_f32), (8 bytes).
    Removing supportfunctionsf16.o(.text), (0 bytes).
    Removing supportfunctionsf16.o(.text.arm_copy_f16), (36 bytes).
    Removing supportfunctionsf16.o(.ARM.exidx.text.arm_copy_f16), (8 bytes).
    Removing supportfunctionsf16.o(.text.arm_fill_f16), (16 bytes).
    Removing supportfunctionsf16.o(.ARM.exidx.text.arm_fill_f16), (8 bytes).
    Removing supportfunctionsf16.o(.text.arm_f16_to_q15), (80 bytes).
    Removing supportfunctionsf16.o(.ARM.exidx.text.arm_f16_to_q15), (8 bytes).
    Removing supportfunctionsf16.o(.text.arm_f16_to_float), (30 bytes).
    Removing supportfunctionsf16.o(.ARM.exidx.text.arm_f16_to_float), (8 bytes).
    Removing supportfunctionsf16.o(.text.arm_q15_to_f16), (56 bytes).
    Removing supportfunctionsf16.o(.ARM.exidx.text.arm_q15_to_f16), (8 bytes).
    Removing supportfunctionsf16.o(.text.arm_float_to_f16), (40 bytes).
    Removing supportfunctionsf16.o(.ARM.exidx.text.arm_float_to_f16), (8 bytes).
    Removing supportfunctionsf16.o(.text.arm_weighted_sum_f16), (130 bytes).
    Removing supportfunctionsf16.o(.ARM.exidx.text.arm_weighted_sum_f16), (8 bytes).
    Removing supportfunctionsf16.o(.text.arm_barycenter_f16), (216 bytes).
    Removing supportfunctionsf16.o(.ARM.exidx.text.arm_barycenter_f16), (8 bytes).
    Removing transformfunctions.o(.text), (0 bytes).
    Removing transformfunctions.o(.text.arm_bitreversal_f32), (154 bytes).
    Removing transformfunctions.o(.ARM.exidx.text.arm_bitreversal_f32), (8 bytes).
    Removing transformfunctions.o(.text.arm_bitreversal_q31), (184 bytes).
    Removing transformfunctions.o(.ARM.exidx.text.arm_bitreversal_q31), (8 bytes).
    Removing transformfunctions.o(.text.arm_bitreversal_q15), (114 bytes).
    Removing transformfunctions.o(.ARM.exidx.text.arm_bitreversal_q15), (8 bytes).
    Removing transformfunctions.o(.text.arm_bitreversal_64), (120 bytes).
    Removing transformfunctions.o(.ARM.exidx.text.arm_bitreversal_64), (8 bytes).
    Removing transformfunctions.o(.text.arm_bitreversal_32), (50 bytes).
    Removing transformfunctions.o(.ARM.exidx.text.arm_bitreversal_32), (8 bytes).
    Removing transformfunctions.o(.text.arm_bitreversal_16), (54 bytes).
    Removing transformfunctions.o(.ARM.exidx.text.arm_bitreversal_16), (8 bytes).
    Removing transformfunctions.o(.text.arm_cfft_radix8by2_f32), (626 bytes).
    Removing transformfunctions.o(.ARM.exidx.text.arm_cfft_radix8by2_f32), (8 bytes).
    Removing transformfunctions.o(.text.arm_radix8_butterfly_f32), (2184 bytes).
    Removing transformfunctions.o(.ARM.exidx.text.arm_radix8_butterfly_f32), (8 bytes).
    Removing transformfunctions.o(.text.arm_cfft_radix8by4_f32), (1800 bytes).
    Removing transformfunctions.o(.ARM.exidx.text.arm_cfft_radix8by4_f32), (8 bytes).
    Removing transformfunctions.o(.text.arm_cfft_f32), (228 bytes).
    Removing transformfunctions.o(.ARM.exidx.text.arm_cfft_f32), (8 bytes).
    Removing transformfunctions.o(.text.arm_radix4_butterfly_f64), (872 bytes).
    Removing transformfunctions.o(.ARM.exidx.text.arm_radix4_butterfly_f64), (8 bytes).
    Removing transformfunctions.o(.text.arm_cfft_radix4by2_f64), (278 bytes).
    Removing transformfunctions.o(.ARM.exidx.text.arm_cfft_radix4by2_f64), (8 bytes).
    Removing transformfunctions.o(.text.arm_cfft_f64), (244 bytes).
    Removing transformfunctions.o(.ARM.exidx.text.arm_cfft_f64), (8 bytes).
    Removing transformfunctions.o(.text.arm_cfft_q15), (228 bytes).
    Removing transformfunctions.o(.ARM.exidx.text.arm_cfft_q15), (8 bytes).
    Removing transformfunctions.o(.text.arm_radix4_butterfly_inverse_q15), (1344 bytes).
    Removing transformfunctions.o(.ARM.exidx.text.arm_radix4_butterfly_inverse_q15), (8 bytes).
    Removing transformfunctions.o(.text.arm_cfft_radix4by2_inverse_q15), (216 bytes).
    Removing transformfunctions.o(.ARM.exidx.text.arm_cfft_radix4by2_inverse_q15), (8 bytes).
    Removing transformfunctions.o(.text.arm_radix4_butterfly_q15), (1344 bytes).
    Removing transformfunctions.o(.ARM.exidx.text.arm_radix4_butterfly_q15), (8 bytes).
    Removing transformfunctions.o(.text.arm_cfft_radix4by2_q15), (216 bytes).
    Removing transformfunctions.o(.ARM.exidx.text.arm_cfft_radix4by2_q15), (8 bytes).
    Removing transformfunctions.o(.text.arm_cfft_q31), (228 bytes).
    Removing transformfunctions.o(.ARM.exidx.text.arm_cfft_q31), (8 bytes).
    Removing transformfunctions.o(.text.arm_radix4_butterfly_inverse_q31), (1174 bytes).
    Removing transformfunctions.o(.ARM.exidx.text.arm_radix4_butterfly_inverse_q31), (8 bytes).
    Removing transformfunctions.o(.text.arm_cfft_radix4by2_inverse_q31), (292 bytes).
    Removing transformfunctions.o(.ARM.exidx.text.arm_cfft_radix4by2_inverse_q31), (8 bytes).
    Removing transformfunctions.o(.text.arm_radix4_butterfly_q31), (1174 bytes).
    Removing transformfunctions.o(.ARM.exidx.text.arm_radix4_butterfly_q31), (8 bytes).
    Removing transformfunctions.o(.text.arm_cfft_radix4by2_q31), (292 bytes).
    Removing transformfunctions.o(.ARM.exidx.text.arm_cfft_radix4by2_q31), (8 bytes).
    Removing transformfunctions.o(.text.arm_cfft_init_f32), (176 bytes).
    Removing transformfunctions.o(.ARM.exidx.text.arm_cfft_init_f32), (8 bytes).
    Removing transformfunctions.o(.text.arm_cfft_init_f64), (176 bytes).
    Removing transformfunctions.o(.ARM.exidx.text.arm_cfft_init_f64), (8 bytes).
    Removing transformfunctions.o(.text.arm_cfft_init_q15), (176 bytes).
    Removing transformfunctions.o(.ARM.exidx.text.arm_cfft_init_q15), (8 bytes).
    Removing transformfunctions.o(.text.arm_cfft_init_q31), (176 bytes).
    Removing transformfunctions.o(.ARM.exidx.text.arm_cfft_init_q31), (8 bytes).
    Removing transformfunctions.o(.text.arm_cfft_radix2_f32), (60 bytes).
    Removing transformfunctions.o(.ARM.exidx.text.arm_cfft_radix2_f32), (8 bytes).
    Removing transformfunctions.o(.text.arm_radix2_butterfly_inverse_f32), (396 bytes).
    Removing transformfunctions.o(.ARM.exidx.text.arm_radix2_butterfly_inverse_f32), (8 bytes).
    Removing transformfunctions.o(.text.arm_radix2_butterfly_f32), (242 bytes).
    Removing transformfunctions.o(.ARM.exidx.text.arm_radix2_butterfly_f32), (8 bytes).
    Removing transformfunctions.o(.text.arm_cfft_radix2_q15), (46 bytes).
    Removing transformfunctions.o(.ARM.exidx.text.arm_cfft_radix2_q15), (8 bytes).
    Removing transformfunctions.o(.text.arm_radix2_butterfly_inverse_q15), (512 bytes).
    Removing transformfunctions.o(.ARM.exidx.text.arm_radix2_butterfly_inverse_q15), (8 bytes).
    Removing transformfunctions.o(.text.arm_radix2_butterfly_q15), (514 bytes).
    Removing transformfunctions.o(.ARM.exidx.text.arm_radix2_butterfly_q15), (8 bytes).
    Removing transformfunctions.o(.text.arm_cfft_radix2_q31), (46 bytes).
    Removing transformfunctions.o(.ARM.exidx.text.arm_cfft_radix2_q31), (8 bytes).
    Removing transformfunctions.o(.text.arm_radix2_butterfly_inverse_q31), (630 bytes).
    Removing transformfunctions.o(.ARM.exidx.text.arm_radix2_butterfly_inverse_q31), (8 bytes).
    Removing transformfunctions.o(.text.arm_radix2_butterfly_q31), (624 bytes).
    Removing transformfunctions.o(.ARM.exidx.text.arm_radix2_butterfly_q31), (8 bytes).
    Removing transformfunctions.o(.text.arm_cfft_radix4_f32), (60 bytes).
    Removing transformfunctions.o(.ARM.exidx.text.arm_cfft_radix4_f32), (8 bytes).
    Removing transformfunctions.o(.text.arm_radix4_butterfly_inverse_f32), (900 bytes).
    Removing transformfunctions.o(.ARM.exidx.text.arm_radix4_butterfly_inverse_f32), (8 bytes).
    Removing transformfunctions.o(.text.arm_radix4_butterfly_f32), (584 bytes).
    Removing transformfunctions.o(.ARM.exidx.text.arm_radix4_butterfly_f32), (8 bytes).
    Removing transformfunctions.o(.text.arm_cfft_radix4_q15), (52 bytes).
    Removing transformfunctions.o(.ARM.exidx.text.arm_cfft_radix4_q15), (8 bytes).
    Removing transformfunctions.o(.text.arm_cfft_radix4_q31), (52 bytes).
    Removing transformfunctions.o(.ARM.exidx.text.arm_cfft_radix4_q31), (8 bytes).
    Removing transformfunctions.o(.text.stage_rfft_f32), (286 bytes).
    Removing transformfunctions.o(.ARM.exidx.text.stage_rfft_f32), (8 bytes).
    Removing transformfunctions.o(.text.merge_rfft_f32), (252 bytes).
    Removing transformfunctions.o(.ARM.exidx.text.merge_rfft_f32), (8 bytes).
    Removing transformfunctions.o(.text.arm_rfft_fast_f32), (68 bytes).
    Removing transformfunctions.o(.ARM.exidx.text.arm_rfft_fast_f32), (8 bytes).
    Removing transformfunctions.o(.text.stage_rfft_f64), (372 bytes).
    Removing transformfunctions.o(.ARM.exidx.text.stage_rfft_f64), (8 bytes).
    Removing transformfunctions.o(.text.merge_rfft_f64), (352 bytes).
    Removing transformfunctions.o(.ARM.exidx.text.merge_rfft_f64), (8 bytes).
    Removing transformfunctions.o(.text.arm_rfft_fast_f64), (74 bytes).
    Removing transformfunctions.o(.ARM.exidx.text.arm_rfft_fast_f64), (8 bytes).
    Removing transformfunctions.o(.text.arm_rfft_fast_init_f32), (148 bytes).
    Removing transformfunctions.o(.ARM.exidx.text.arm_rfft_fast_init_f32), (8 bytes).
    Removing transformfunctions.o(.text.arm_rfft_4096_fast_init_f32), (48 bytes).
    Removing transformfunctions.o(.ARM.exidx.text.arm_rfft_4096_fast_init_f32), (8 bytes).
    Removing transformfunctions.o(.text.arm_rfft_2048_fast_init_f32), (48 bytes).
    Removing transformfunctions.o(.ARM.exidx.text.arm_rfft_2048_fast_init_f32), (8 bytes).
    Removing transformfunctions.o(.text.arm_rfft_1024_fast_init_f32), (48 bytes).
    Removing transformfunctions.o(.ARM.exidx.text.arm_rfft_1024_fast_init_f32), (8 bytes).
    Removing transformfunctions.o(.text.arm_rfft_512_fast_init_f32), (48 bytes).
    Removing transformfunctions.o(.ARM.exidx.text.arm_rfft_512_fast_init_f32), (8 bytes).
    Removing transformfunctions.o(.text.arm_rfft_256_fast_init_f32), (48 bytes).
    Removing transformfunctions.o(.ARM.exidx.text.arm_rfft_256_fast_init_f32), (8 bytes).
    Removing transformfunctions.o(.text.arm_rfft_128_fast_init_f32), (48 bytes).
    Removing transformfunctions.o(.ARM.exidx.text.arm_rfft_128_fast_init_f32), (8 bytes).
    Removing transformfunctions.o(.text.arm_rfft_64_fast_init_f32), (48 bytes).
    Removing transformfunctions.o(.ARM.exidx.text.arm_rfft_64_fast_init_f32), (8 bytes).
    Removing transformfunctions.o(.text.arm_rfft_32_fast_init_f32), (48 bytes).
    Removing transformfunctions.o(.ARM.exidx.text.arm_rfft_32_fast_init_f32), (8 bytes).
    Removing transformfunctions.o(.text.arm_rfft_fast_init_f64), (148 bytes).
    Removing transformfunctions.o(.ARM.exidx.text.arm_rfft_fast_init_f64), (8 bytes).
    Removing transformfunctions.o(.text.arm_rfft_4096_fast_init_f64), (56 bytes).
    Removing transformfunctions.o(.ARM.exidx.text.arm_rfft_4096_fast_init_f64), (8 bytes).
    Removing transformfunctions.o(.text.arm_rfft_2048_fast_init_f64), (56 bytes).
    Removing transformfunctions.o(.ARM.exidx.text.arm_rfft_2048_fast_init_f64), (8 bytes).
    Removing transformfunctions.o(.text.arm_rfft_1024_fast_init_f64), (56 bytes).
    Removing transformfunctions.o(.ARM.exidx.text.arm_rfft_1024_fast_init_f64), (8 bytes).
    Removing transformfunctions.o(.text.arm_rfft_512_fast_init_f64), (56 bytes).
    Removing transformfunctions.o(.ARM.exidx.text.arm_rfft_512_fast_init_f64), (8 bytes).
    Removing transformfunctions.o(.text.arm_rfft_256_fast_init_f64), (56 bytes).
    Removing transformfunctions.o(.ARM.exidx.text.arm_rfft_256_fast_init_f64), (8 bytes).
    Removing transformfunctions.o(.text.arm_rfft_128_fast_init_f64), (52 bytes).
    Removing transformfunctions.o(.ARM.exidx.text.arm_rfft_128_fast_init_f64), (8 bytes).
    Removing transformfunctions.o(.text.arm_rfft_64_fast_init_f64), (52 bytes).
    Removing transformfunctions.o(.ARM.exidx.text.arm_rfft_64_fast_init_f64), (8 bytes).
    Removing transformfunctions.o(.text.arm_rfft_32_fast_init_f64), (52 bytes).
    Removing transformfunctions.o(.ARM.exidx.text.arm_rfft_32_fast_init_f64), (8 bytes).
    Removing transformfunctions.o(.text.arm_dct4_f32), (166 bytes).
    Removing transformfunctions.o(.ARM.exidx.text.arm_dct4_f32), (8 bytes).
    Removing transformfunctions.o(.text.arm_rfft_f32), (126 bytes).
    Removing transformfunctions.o(.ARM.exidx.text.arm_rfft_f32), (8 bytes).
    Removing transformfunctions.o(.text.arm_dct4_init_f32), (140 bytes).
    Removing transformfunctions.o(.ARM.exidx.text.arm_dct4_init_f32), (8 bytes).
    Removing transformfunctions.o(.text.arm_rfft_init_f32), (116 bytes).
    Removing transformfunctions.o(.ARM.exidx.text.arm_rfft_init_f32), (8 bytes).
    Removing transformfunctions.o(.text.arm_dct4_init_q15), (132 bytes).
    Removing transformfunctions.o(.ARM.exidx.text.arm_dct4_init_q15), (8 bytes).
    Removing transformfunctions.o(.text.arm_rfft_init_q15), (208 bytes).
    Removing transformfunctions.o(.ARM.exidx.text.arm_rfft_init_q15), (8 bytes).
    Removing transformfunctions.o(.text.arm_dct4_init_q31), (132 bytes).
    Removing transformfunctions.o(.ARM.exidx.text.arm_dct4_init_q31), (8 bytes).
    Removing transformfunctions.o(.text.arm_rfft_init_q31), (208 bytes).
    Removing transformfunctions.o(.ARM.exidx.text.arm_rfft_init_q31), (8 bytes).
    Removing transformfunctions.o(.text.arm_dct4_q15), (176 bytes).
    Removing transformfunctions.o(.ARM.exidx.text.arm_dct4_q15), (8 bytes).
    Removing transformfunctions.o(.text.arm_rfft_q15), (100 bytes).
    Removing transformfunctions.o(.ARM.exidx.text.arm_rfft_q15), (8 bytes).
    Removing transformfunctions.o(.text.arm_dct4_q31), (172 bytes).
    Removing transformfunctions.o(.ARM.exidx.text.arm_dct4_q31), (8 bytes).
    Removing transformfunctions.o(.text.arm_rfft_q31), (100 bytes).
    Removing transformfunctions.o(.ARM.exidx.text.arm_rfft_q31), (8 bytes).
    Removing transformfunctions.o(.text.arm_split_rifft_f32), (218 bytes).
    Removing transformfunctions.o(.ARM.exidx.text.arm_split_rifft_f32), (8 bytes).
    Removing transformfunctions.o(.text.arm_split_rfft_f32), (308 bytes).
    Removing transformfunctions.o(.ARM.exidx.text.arm_split_rfft_f32), (8 bytes).
    Removing transformfunctions.o(.text.arm_split_rifft_q15), (162 bytes).
    Removing transformfunctions.o(.ARM.exidx.text.arm_split_rifft_q15), (8 bytes).
    Removing transformfunctions.o(.text.arm_split_rfft_q15), (254 bytes).
    Removing transformfunctions.o(.ARM.exidx.text.arm_split_rfft_q15), (8 bytes).
    Removing transformfunctions.o(.text.arm_split_rifft_q31), (316 bytes).
    Removing transformfunctions.o(.ARM.exidx.text.arm_split_rifft_q31), (8 bytes).
    Removing transformfunctions.o(.text.arm_split_rfft_q31), (406 bytes).
    Removing transformfunctions.o(.ARM.exidx.text.arm_split_rfft_q31), (8 bytes).
    Removing transformfunctions.o(.text.arm_cfft_radix4_init_f32), (132 bytes).
    Removing transformfunctions.o(.ARM.exidx.text.arm_cfft_radix4_init_f32), (8 bytes).
    Removing transformfunctions.o(.text.arm_cfft_radix4_init_q15), (108 bytes).
    Removing transformfunctions.o(.ARM.exidx.text.arm_cfft_radix4_init_q15), (8 bytes).
    Removing transformfunctions.o(.text.arm_cfft_radix4_init_q31), (108 bytes).
    Removing transformfunctions.o(.ARM.exidx.text.arm_cfft_radix4_init_q31), (8 bytes).
    Removing transformfunctions.o(.text.arm_cfft_radix2_init_f32), (216 bytes).
    Removing transformfunctions.o(.ARM.exidx.text.arm_cfft_radix2_init_f32), (8 bytes).
    Removing transformfunctions.o(.text.arm_cfft_radix2_init_q15), (176 bytes).
    Removing transformfunctions.o(.ARM.exidx.text.arm_cfft_radix2_init_q15), (8 bytes).
    Removing transformfunctions.o(.text.arm_cfft_radix2_init_q31), (176 bytes).
    Removing transformfunctions.o(.ARM.exidx.text.arm_cfft_radix2_init_q31), (8 bytes).
    Removing transformfunctionsf16.o(.text), (0 bytes).
    Removing transformfunctionsf16.o(.text.arm_cfft_f16), (300 bytes).
    Removing transformfunctionsf16.o(.ARM.exidx.text.arm_cfft_f16), (8 bytes).
    Removing transformfunctionsf16.o(.text.arm_radix4_butterfly_f16), (834 bytes).
    Removing transformfunctionsf16.o(.ARM.exidx.text.arm_radix4_butterfly_f16), (8 bytes).
    Removing transformfunctionsf16.o(.text.arm_cfft_radix4by2_f16), (262 bytes).
    Removing transformfunctionsf16.o(.ARM.exidx.text.arm_cfft_radix4by2_f16), (8 bytes).
    Removing transformfunctionsf16.o(.text.arm_cfft_init_f16), (176 bytes).
    Removing transformfunctionsf16.o(.ARM.exidx.text.arm_cfft_init_f16), (8 bytes).
    Removing transformfunctionsf16.o(.text.arm_cfft_radix2_f16), (60 bytes).
    Removing transformfunctionsf16.o(.ARM.exidx.text.arm_cfft_radix2_f16), (8 bytes).
    Removing transformfunctionsf16.o(.text.arm_radix2_butterfly_inverse_f16), (520 bytes).
    Removing transformfunctionsf16.o(.ARM.exidx.text.arm_radix2_butterfly_inverse_f16), (8 bytes).
    Removing transformfunctionsf16.o(.text.arm_radix2_butterfly_f16), (302 bytes).
    Removing transformfunctionsf16.o(.ARM.exidx.text.arm_radix2_butterfly_f16), (8 bytes).
    Removing transformfunctionsf16.o(.text.arm_bitreversal_f16), (270 bytes).
    Removing transformfunctionsf16.o(.ARM.exidx.text.arm_bitreversal_f16), (8 bytes).
    Removing transformfunctionsf16.o(.text.arm_cfft_radix4_f16), (60 bytes).
    Removing transformfunctionsf16.o(.ARM.exidx.text.arm_cfft_radix4_f16), (8 bytes).
    Removing transformfunctionsf16.o(.text.arm_radix4_butterfly_inverse_f16), (1334 bytes).
    Removing transformfunctionsf16.o(.ARM.exidx.text.arm_radix4_butterfly_inverse_f16), (8 bytes).
    Removing transformfunctionsf16.o(.text.arm_rfft_fast_init_f16), (148 bytes).
    Removing transformfunctionsf16.o(.ARM.exidx.text.arm_rfft_fast_init_f16), (8 bytes).
    Removing transformfunctionsf16.o(.text.arm_rfft_4096_fast_init_f16), (48 bytes).
    Removing transformfunctionsf16.o(.ARM.exidx.text.arm_rfft_4096_fast_init_f16), (8 bytes).
    Removing transformfunctionsf16.o(.text.arm_rfft_2048_fast_init_f16), (48 bytes).
    Removing transformfunctionsf16.o(.ARM.exidx.text.arm_rfft_2048_fast_init_f16), (8 bytes).
    Removing transformfunctionsf16.o(.text.arm_rfft_1024_fast_init_f16), (48 bytes).
    Removing transformfunctionsf16.o(.ARM.exidx.text.arm_rfft_1024_fast_init_f16), (8 bytes).
    Removing transformfunctionsf16.o(.text.arm_rfft_512_fast_init_f16), (48 bytes).
    Removing transformfunctionsf16.o(.ARM.exidx.text.arm_rfft_512_fast_init_f16), (8 bytes).
    Removing transformfunctionsf16.o(.text.arm_rfft_256_fast_init_f16), (48 bytes).
    Removing transformfunctionsf16.o(.ARM.exidx.text.arm_rfft_256_fast_init_f16), (8 bytes).
    Removing transformfunctionsf16.o(.text.arm_rfft_128_fast_init_f16), (48 bytes).
    Removing transformfunctionsf16.o(.ARM.exidx.text.arm_rfft_128_fast_init_f16), (8 bytes).
    Removing transformfunctionsf16.o(.text.arm_rfft_64_fast_init_f16), (48 bytes).
    Removing transformfunctionsf16.o(.ARM.exidx.text.arm_rfft_64_fast_init_f16), (8 bytes).
    Removing transformfunctionsf16.o(.text.arm_rfft_32_fast_init_f16), (48 bytes).
    Removing transformfunctionsf16.o(.ARM.exidx.text.arm_rfft_32_fast_init_f16), (8 bytes).
    Removing transformfunctionsf16.o(.text.stage_rfft_f16), (388 bytes).
    Removing transformfunctionsf16.o(.ARM.exidx.text.stage_rfft_f16), (8 bytes).
    Removing transformfunctionsf16.o(.text.merge_rfft_f16), (376 bytes).
    Removing transformfunctionsf16.o(.ARM.exidx.text.merge_rfft_f16), (8 bytes).
    Removing transformfunctionsf16.o(.text.arm_rfft_fast_f16), (68 bytes).
    Removing transformfunctionsf16.o(.ARM.exidx.text.arm_rfft_fast_f16), (8 bytes).
    Removing transformfunctionsf16.o(.text.arm_radix8_butterfly_f16), (2740 bytes).
    Removing transformfunctionsf16.o(.ARM.exidx.text.arm_radix8_butterfly_f16), (8 bytes).
    Removing transformfunctionsf16.o(.text.arm_cfft_radix2_init_f16), (208 bytes).
    Removing transformfunctionsf16.o(.ARM.exidx.text.arm_cfft_radix2_init_f16), (8 bytes).
    Removing transformfunctionsf16.o(.text.arm_cfft_radix4_init_f16), (132 bytes).
    Removing transformfunctionsf16.o(.ARM.exidx.text.arm_cfft_radix4_init_f16), (8 bytes).
    Removing startup_armcm0.o(STACK), (1024 bytes).
    Removing startup_armcm0.o(HEAP), (3072 bytes).
    Removing system_armcm0.o(.text), (0 bytes).
    Removing system_armcm0.o(.text.SystemCoreClockUpdate), (16 bytes).
    Removing system_armcm0.o(.ARM.exidx.text.SystemCoreClockUpdate), (8 bytes).
    Removing system_armcm0.o(.text.SystemInit), (16 bytes).
    Removing system_armcm0.o(.ARM.exidx.text.SystemInit), (8 bytes).
    Removing system_armcm0.o(.data.SystemCoreClock), (4 bytes).

1374 unused section(s) (total 1083624 bytes) removed from the image.

==============================================================================

Image Symbol Table

    Local Symbols

    Symbol Name                              Value     Ov Type        Size  Object(Section)

    ../clib/angel/rt.s                       0x00000000   Number         0  aeabi_idiv0.o ABSOLUTE
    ../clib/angel/rt.s                       0x00000000   Number         0  aeabi_idiv0_sigfpe.o ABSOLUTE
    ../clib/angel/rt.s                       0x00000000   Number         0  aeabi_ldiv0.o ABSOLUTE
    ../clib/angel/rt.s                       0x00000000   Number         0  aeabi_ldiv0_sigfpe.o ABSOLUTE
    ../clib/angel/rt.s                       0x00000000   Number         0  rt_div0.o ABSOLUTE
    ../clib/angel/rt.s                       0x00000000   Number         0  rt_errno_addr.o ABSOLUTE
    ../clib/angel/rt.s                       0x00000000   Number         0  rt_errno_addr_intlibspace.o ABSOLUTE
    ../clib/angel/rt.s                       0x00000000   Number         0  rt_raise.o ABSOLUTE
    ../clib/angel/sys.s                      0x00000000   Number         0  libspace.o ABSOLUTE
    ../clib/angel/sys.s                      0x00000000   Number         0  use_no_semi.o ABSOLUTE
    ../clib/angel/sys.s                      0x00000000   Number         0  indicate_semi.o ABSOLUTE
    ../clib/angel/sysapp.c                   0x00000000   Number         0  sys_exit.o ABSOLUTE
    ../clib/angel/sysapp.c                   0x00000000   Number         0  sys_exit_hlt.o ABSOLUTE
    ../clib/angel/sysapp.c                   0x00000000   Number         0  sys_wrch.o ABSOLUTE
    ../clib/angel/sysapp.c                   0x00000000   Number         0  sys_wrch_hlt.o ABSOLUTE
    ../clib/division.c                       0x00000000   Number         0  llsdiv.o ABSOLUTE
    ../clib/division.c                       0x00000000   Number         0  lludiv.o ABSOLUTE
    ../clib/division.s                       0x00000000   Number         0  aeabi_sdivfast.o ABSOLUTE
    ../clib/division.s                       0x00000000   Number         0  aeabi_sdivfast_div0.o ABSOLUTE
    ../clib/fenv.c                           0x00000000   Number         0  _rserrno.o ABSOLUTE
    ../clib/heapaux.c                        0x00000000   Number         0  heapauxi.o ABSOLUTE
    ../clib/longlong.c                       0x00000000   Number         0  llshl.o ABSOLUTE
    ../clib/longlong.c                       0x00000000   Number         0  llsshr.o ABSOLUTE
    ../clib/longlong.c                       0x00000000   Number         0  llmul.o ABSOLUTE
    ../clib/memcpset.c                       0x00000000   Number         0  rt_memcpy.o ABSOLUTE
    ../clib/memcpset.c                       0x00000000   Number         0  rt_memcpy.o ABSOLUTE
    ../clib/memcpset.c                       0x00000000   Number         0  aeabi_memset.o ABSOLUTE
    ../clib/memcpset.c                       0x00000000   Number         0  rt_memclr.o ABSOLUTE
    ../clib/signal.c                         0x00000000   Number         0  defsig_fpe_outer.o ABSOLUTE
    ../clib/signal.c                         0x00000000   Number         0  defsig_fpe_formal.o ABSOLUTE
    ../clib/signal.c                         0x00000000   Number         0  defsig_exit.o ABSOLUTE
    ../clib/signal.c                         0x00000000   Number         0  defsig_fpe_inner.o ABSOLUTE
    ../clib/signal.c                         0x00000000   Number         0  __raise.o ABSOLUTE
    ../clib/signal.c                         0x00000000   Number         0  defsig_general.o ABSOLUTE
    ../clib/signal.c                         0x00000000   Number         0  defsig_abrt_inner.o ABSOLUTE
    ../clib/signal.c                         0x00000000   Number         0  defsig_rtred_inner.o ABSOLUTE
    ../clib/signal.c                         0x00000000   Number         0  defsig_rtmem_inner.o ABSOLUTE
    ../clib/signal.c                         0x00000000   Number         0  defsig_stak_inner.o ABSOLUTE
    ../clib/signal.c                         0x00000000   Number         0  defsig_pvfn_inner.o ABSOLUTE
    ../clib/signal.c                         0x00000000   Number         0  defsig_cppl_inner.o ABSOLUTE
    ../clib/signal.c                         0x00000000   Number         0  defsig_segv_inner.o ABSOLUTE
    ../clib/signal.c                         0x00000000   Number         0  defsig_other.o ABSOLUTE
    ../clib/signal.s                         0x00000000   Number         0  defsig.o ABSOLUTE
    ../fplib/cfplib/cmp.c                    0x00000000   Number         0  dcmp.o ABSOLUTE
    ../fplib/cfplib/cmp.c                    0x00000000   Number         0  fcmp.o ABSOLUTE
    ../fplib/cfplib/cmpret.c                 0x00000000   Number         0  cmpret.o ABSOLUTE
    ../fplib/cfplib/d2f.c                    0x00000000   Number         0  d2f.o ABSOLUTE
    ../fplib/cfplib/daddsub.c                0x00000000   Number         0  daddsub.o ABSOLUTE
    ../fplib/cfplib/dcmpin.c                 0x00000000   Number         0  dcmpin.o ABSOLUTE
    ../fplib/cfplib/ddiv.c                   0x00000000   Number         0  ddiv.o ABSOLUTE
    ../fplib/cfplib/dmul.c                   0x00000000   Number         0  dmul.o ABSOLUTE
    ../fplib/cfplib/dsqrt.c                  0x00000000   Number         0  dsqrt.o ABSOLUTE
    ../fplib/cfplib/f2d.c                    0x00000000   Number         0  f2d.o ABSOLUTE
    ../fplib/cfplib/f2h.c                    0x00000000   Number         0  f2h.o ABSOLUTE
    ../fplib/cfplib/fcmpin.c                 0x00000000   Number         0  fcmpin.o ABSOLUTE
    ../fplib/cfplib/fdiv.c                   0x00000000   Number         0  fdiv.o ABSOLUTE
    ../fplib/cfplib/ffix.c                   0x00000000   Number         0  dfixi.o ABSOLUTE
    ../fplib/cfplib/ffix.c                   0x00000000   Number         0  ffixi.o ABSOLUTE
    ../fplib/cfplib/ffix.c                   0x00000000   Number         0  ffixl.o ABSOLUTE
    ../fplib/cfplib/ffix.c                   0x00000000   Number         0  ffixir.o ABSOLUTE
    ../fplib/cfplib/fflt.c                   0x00000000   Number         0  dflti.o ABSOLUTE
    ../fplib/cfplib/fflt.c                   0x00000000   Number         0  fflti.o ABSOLUTE
    ../fplib/cfplib/frnd.c                   0x00000000   Number         0  frnd.o ABSOLUTE
    ../fplib/cfplib/fsqrt.c                  0x00000000   Number         0  fsqrt.o ABSOLUTE
    ../fplib/cfplib/h2f.c                    0x00000000   Number         0  h2f.o ABSOLUTE
    ../fplib/cfplib/ieee_status.c            0x00000000   Number         0  ieee_status.o ABSOLUTE
    ../fplib/cfplib/nan2.c                   0x00000000   Number         0  dnan2.o ABSOLUTE
    ../fplib/cfplib/nan2.c                   0x00000000   Number         0  fnan2.o ABSOLUTE
    ../fplib/cfplib/retnan.c                 0x00000000   Number         0  retnan.o ABSOLUTE
    ../fplib/cfplib/scalbn.c                 0x00000000   Number         0  dscalbn.o ABSOLUTE
    ../fplib/cfplib/scalbn.c                 0x00000000   Number         0  fscalbn.o ABSOLUTE
    ../fplib/deqf6m.s                        0x00000000   Number         0  deqf.o ABSOLUTE
    ../fplib/dgeqf6m.s                       0x00000000   Number         0  dgef.o ABSOLUTE
    ../fplib/dleqf6m.s                       0x00000000   Number         0  dlef.o ABSOLUTE
    ../fplib/faddsub6m.s                     0x00000000   Number         0  faddsub.o ABSOLUTE
    ../fplib/feqf6m.s                        0x00000000   Number         0  feqf.o ABSOLUTE
    ../fplib/fgeqf6m.s                       0x00000000   Number         0  fgef.o ABSOLUTE
    ../fplib/fleqf6m.s                       0x00000000   Number         0  flef.o ABSOLUTE
    ../fplib/fmul6m.s                        0x00000000   Number         0  fmul.o ABSOLUTE
    ../fplib/usenofp.s                       0x00000000   Number         0  usenofp.o ABSOLUTE
    ../mathlib/dunder.c                      0x00000000   Number         0  dunder.o ABSOLUTE
    ../mathlib/expf.c                        0x00000000   Number         0  expf.o ABSOLUTE
    ../mathlib/fpclassifyf.c                 0x00000000   Number         0  fpclassifyf.o ABSOLUTE
    ../mathlib/funder.c                      0x00000000   Number         0  funder.o ABSOLUTE
    ../mathlib/log.c                         0x00000000   Number         0  log.o ABSOLUTE
    ../mathlib/logf.c                        0x00000000   Number         0  logf.o ABSOLUTE
    ../mathlib/poly.c                        0x00000000   Number         0  poly.o ABSOLUTE
    ../mathlib/powf.c                        0x00000000   Number         0  powf.o ABSOLUTE
    ../mathlib/qnan.c                        0x00000000   Number         0  qnan.o ABSOLUTE
    ../mathlib/sqrt.c                        0x00000000   Number         0  sqrt.o ABSOLUTE
    ../mathlib/sqrtf.c                       0x00000000   Number         0  sqrtf.o ABSOLUTE
    ../mathlib/tanhf.c                       0x00000000   Number         0  tanhf.o ABSOLUTE
    BasicMathFunctions.c                     0x00000000   Number         0  basicmathfunctions.o ABSOLUTE
    BasicMathFunctionsF16.c                  0x00000000   Number         0  basicmathfunctionsf16.o ABSOLUTE
    BayesFunctions.c                         0x00000000   Number         0  bayesfunctions.o ABSOLUTE
    BayesFunctionsF16.c                      0x00000000   Number         0  bayesfunctionsf16.o ABSOLUTE
    CommonTables.c                           0x00000000   Number         0  commontables.o ABSOLUTE
    CommonTablesF16.c                        0x00000000   Number         0  commontablesf16.o ABSOLUTE
    ComplexMathFunctions.c                   0x00000000   Number         0  complexmathfunctions.o ABSOLUTE
    ComplexMathFunctionsF16.c                0x00000000   Number         0  complexmathfunctionsf16.o ABSOLUTE
    ControllerFunctions.c                    0x00000000   Number         0  controllerfunctions.o ABSOLUTE
    DistanceFunctions.c                      0x00000000   Number         0  distancefunctions.o ABSOLUTE
    DistanceFunctionsF16.c                   0x00000000   Number         0  distancefunctionsf16.o ABSOLUTE
    FastMathFunctions.c                      0x00000000   Number         0  fastmathfunctions.o ABSOLUTE
    FastMathFunctionsF16.c                   0x00000000   Number         0  fastmathfunctionsf16.o ABSOLUTE
    FilteringFunctions.c                     0x00000000   Number         0  filteringfunctions.o ABSOLUTE
    FilteringFunctionsF16.c                  0x00000000   Number         0  filteringfunctionsf16.o ABSOLUTE
    InterpolationFunctions.c                 0x00000000   Number         0  interpolationfunctions.o ABSOLUTE
    InterpolationFunctionsF16.c              0x00000000   Number         0  interpolationfunctionsf16.o ABSOLUTE
    MatrixFunctions.c                        0x00000000   Number         0  matrixfunctions.o ABSOLUTE
    MatrixFunctionsF16.c                     0x00000000   Number         0  matrixfunctionsf16.o ABSOLUTE
    QuaternionMathFunctions.c                0x00000000   Number         0  quaternionmathfunctions.o ABSOLUTE
    RTE/Device/ARMCM0/startup_ARMCM0.s       0x00000000   Number         0  startup_armcm0.o ABSOLUTE
    SVMFunctions.c                           0x00000000   Number         0  svmfunctions.o ABSOLUTE
    SVMFunctionsF16.c                        0x00000000   Number         0  svmfunctionsf16.o ABSOLUTE
    StatisticsFunctions.c                    0x00000000   Number         0  statisticsfunctions.o ABSOLUTE
    StatisticsFunctionsF16.c                 0x00000000   Number         0  statisticsfunctionsf16.o ABSOLUTE
    SupportFunctions.c                       0x00000000   Number         0  supportfunctions.o ABSOLUTE
    SupportFunctionsF16.c                    0x00000000   Number         0  supportfunctionsf16.o ABSOLUTE
    TransformFunctions.c                     0x00000000   Number         0  transformfunctions.o ABSOLUTE
    TransformFunctionsF16.c                  0x00000000   Number         0  transformfunctionsf16.o ABSOLUTE
    cactus_3.c                               0x00000000   Number         0  cactus_3.o ABSOLUTE
    dc.s                                     0x00000000   Number         0  dc.o ABSOLUTE
    dino_1.c                                 0x00000000   Number         0  dino_1.o ABSOLUTE
    gameover.c                               0x00000000   Number         0  gameover.o ABSOLUTE
    main.s                                   0x00000000   Number         0  main.o ABSOLUTE
    system_ARMCM0.c                          0x00000000   Number         0  system_armcm0.o ABSOLUTE
    RESET                                    0x00000000   Section       68  main.o(RESET)
    .text                                    0x00000044   Section       20  main.o(.text)
    button                                   0x00000058   Section       56  main.o(button)
    demo                                     0x00000090   Section      408  main.o(demo)
    STACK                                    0x20000000   Section     1024  main.o(STACK)
    __initial_sp                             0x20000400   Data           0  main.o(STACK)

    Global Symbols

    Symbol Name                              Value     Ov Type        Size  Object(Section)

    BuildAttributes$$THM_ISAv3M$S$PE$A:L22$X:L11$S22$IEEE1$IW$~IW$USESV6$~STKCKD$USESV7$~SHL$OTIME$ROPI$IEEEX$EBA8$STANDARDLIB$REQ8$PRES8$EABIv2 0x00000000   Number         0  anon$$obj.o ABSOLUTE
    __Vectors                                0x00000000   Data           4  main.o(RESET)
    __sigvec_lookup                           - Undefined Weak Reference
    Reset_Handler                            0x00000045   Thumb Code    12  main.o(.text)
    __Vectors_End                            0x00000044   Data           0  main.o(RESET)
    Button_Handler                           0x00000059   Thumb Code    48  main.o(button)
    __main                                   0x00000091   Thumb Code   380  main.o(demo)
    cactus_3                                 0x00000228   Data        3600  cactus_3.o(.rodata.cactus_3)
    dino_1                                   0x00001038   Data        3600  dino_1.o(.rodata.dino_1)
    gameover                                 0x00001e48   Data        3192  gameover.o(.rodata.gameover)



==============================================================================

Memory Map of the image

  Image Entry point : 0x00000045

  Load Region LR_1 (Base: 0x00000000, Size: 0x00002ac0, Max: 0xffffffff, ABSOLUTE)

    Execution Region ER_RO (Exec base: 0x00000000, Load base: 0x00000000, Size: 0x00002ac0, Max: 0xffffffff, ABSOLUTE)

    Exec Addr    Load Addr    Size         Type   Attr      Idx    E Section Name        Object

    0x00000000   0x00000000   0x00000044   Data   RO            2    RESET               main.o
    0x00000044   0x00000044   0x00000014   Code   RO            3  * .text               main.o
    0x00000058   0x00000058   0x00000038   Code   RO            4    button              main.o
    0x00000090   0x00000090   0x00000198   Code   RO            5  * demo                main.o
    0x00000228   0x00000228   0x00000e10   Data   RO           18    .rodata.cactus_3    cactus_3.o
    0x00001038   0x00001038   0x00000e10   Data   RO           24    .rodata.dino_1      dino_1.o
    0x00001e48   0x00001e48   0x00000c78   Data   RO           30    .rodata.gameover    gameover.o


    Execution Region ER_RW (Exec base: 0x20000000, Load base: 0x00002ac0, Size: 0x00000000, Max: 0xffffffff, ABSOLUTE)

    **** No section assigned to this execution region ****


    Execution Region ER_ZI (Exec base: 0x20000000, Load base: 0x00002ac0, Size: 0x00000400, Max: 0xffffffff, ABSOLUTE)

    Exec Addr    Load Addr    Size         Type   Attr      Idx    E Section Name        Object

    0x20000000        -       0x00000400   Zero   RW            1    STACK               main.o


==============================================================================

Image component sizes


      Code (inc. data)   RO Data    RW Data    ZI Data      Debug   Object Name

         0          0       3600          0          0        348   cactus_3.o
         0          0       3600          0          0        342   dino_1.o
         0          0       3192          0          0        348   gameover.o
       484         44         68          0       1024       1052   main.o

    ----------------------------------------------------------------------
       484         44      10460          0       1024       2090   Object Totals
         0          0          0          0          0          0   (incl. Generated)
         0          0          0          0          0          0   (incl. Padding)

    ----------------------------------------------------------------------
         0          0          0          0          0          0   Library Totals
         0          0          0          0          0          0   (incl. Padding)

    ----------------------------------------------------------------------

==============================================================================


      Code (inc. data)   RO Data    RW Data    ZI Data      Debug   

       484         44      10460          0       1024       1986   Grand Totals
       484         44      10460          0       1024       1986   ELF Image Totals
       484         44      10460          0          0          0   ROM Totals

==============================================================================

    Total RO  Size (Code + RO Data)                10944 (  10.69kB)
    Total RW  Size (RW Data + ZI Data)              1024 (   1.00kB)
    Total ROM Size (Code + RO Data + RW Data)      10944 (  10.69kB)

==============================================================================

